Archive member included to satisfy reference by file (symbol)

.pio/build/uno_r4_wifi/libFrameworkArduinoVariant.a(main.c.o)
                              /home/pol/.platformio/packages/toolchain-gccarmnoneeabi/bin/../lib/gcc/arm-none-eabi/7.2.1/../../../../arm-none-eabi/lib/thumb/v7e-m/fpv4-sp/hard/crt0.o (main)
.pio/build/uno_r4_wifi/libFrameworkArduino.a(digital.cpp.o)
                              .pio/build/uno_r4_wifi/lib012/FastLED/sensors/digital_pin.cpp.o (pinMode)
.pio/build/uno_r4_wifi/libFrameworkArduino.a(main.cpp.o)
                              .pio/build/uno_r4_wifi/libFrameworkArduinoVariant.a(main.c.o) (hal_entry)
.pio/build/uno_r4_wifi/libFrameworkArduino.a(time.cpp.o)
                              .pio/build/uno_r4_wifi/src/led.ino.cpp.o (delayMicroseconds)
.pio/build/uno_r4_wifi/libFrameworkArduino.a(vector_table.c.o)
                              .pio/build/uno_r4_wifi/libFrameworkArduino.a(main.cpp.o) (g_vector_table)
.pio/build/uno_r4_wifi/libFrameworkArduino.a(FspTimer.cpp.o)
                              .pio/build/uno_r4_wifi/libFrameworkArduino.a(time.cpp.o) (FspTimer::FspTimer())
.pio/build/uno_r4_wifi/libFrameworkArduino.a(IRQManager.cpp.o)
                              .pio/build/uno_r4_wifi/libFrameworkArduino.a(FspTimer.cpp.o) (IRQManager::getInstance())
.pio/build/uno_r4_wifi/libFrameworkArduino.a(Serial.cpp.o)
                              .pio/build/uno_r4_wifi/libFrameworkArduino.a(main.cpp.o) (UART::write_raw(unsigned char*, unsigned int))
.pio/build/uno_r4_wifi/libFrameworkArduino.a(SerialObj1.cpp.o)
                              .pio/build/uno_r4_wifi/libFrameworkArduino.a(main.cpp.o) (_UART1_)
.pio/build/uno_r4_wifi/libFrameworkArduino.a(analog.cpp.o)
                              .pio/build/uno_r4_wifi/libFrameworkArduino.a(main.cpp.o) (analogReference())
.pio/build/uno_r4_wifi/libFrameworkArduino.a(Common.cpp.o)
                              .pio/build/uno_r4_wifi/libFrameworkArduino.a(analog.cpp.o) (map(long, long, long, long, long))
.pio/build/uno_r4_wifi/libFrameworkArduino.a(Print.cpp.o)
                              .pio/build/uno_r4_wifi/libFrameworkArduino.a(Serial.cpp.o) (arduino::Print::write(unsigned char const*, unsigned int))
.pio/build/uno_r4_wifi/libFrameworkArduino.a(cm_backtrace.c.o)
                              .pio/build/uno_r4_wifi/libFrameworkArduino.a(main.cpp.o) (cm_backtrace_init)
.pio/build/uno_r4_wifi/libFrameworkArduino.a(cortex_handlers.c.o)
                              .pio/build/uno_r4_wifi/libFrameworkArduino.a(main.cpp.o) (Stacktrace_Handler)
.pio/build/uno_r4_wifi/libFrameworkArduino.a(dac.cpp.o)
                              .pio/build/uno_r4_wifi/libFrameworkArduino.a(analog.cpp.o) (CDac::analogWrite(int))
.pio/build/uno_r4_wifi/libFrameworkArduino.a(pinDefinitions.cpp.o)
                              .pio/build/uno_r4_wifi/libFrameworkArduino.a(analog.cpp.o) (pinPeripheral(e_bsp_io_port_pin_t, unsigned long))
.pio/build/uno_r4_wifi/libFrameworkArduino.a(pwm.cpp.o)
                              .pio/build/uno_r4_wifi/libFrameworkArduino.a(analog.cpp.o) (PwmOut::PwmOut(int))
.pio/build/uno_r4_wifi/libFrameworkArduino.a(variant_helper.cpp.o)
                              .pio/build/uno_r4_wifi/libFrameworkArduino.a(Serial.cpp.o) (getPinCfgs(unsigned char, PinCfgReq_t))
/home/pol/.platformio/packages/framework-arduinorenesas-uno/variants/UNOWIFIR4/libs/libfsp.a(r_spi.o)
                              .pio/build/uno_r4_wifi/libFrameworkArduino.a(IRQManager.cpp.o) (spi_rxi_isr)
/home/pol/.platformio/packages/framework-arduinorenesas-uno/variants/UNOWIFIR4/libs/libfsp.a(r_sci_uart.o)
                              .pio/build/uno_r4_wifi/libFrameworkArduino.a(Serial.cpp.o) (R_SCI_UART_Write)
/home/pol/.platformio/packages/framework-arduinorenesas-uno/variants/UNOWIFIR4/libs/libfsp.a(r_sci_spi.o)
                              .pio/build/uno_r4_wifi/libFrameworkArduino.a(IRQManager.cpp.o) (sci_spi_txi_isr)
/home/pol/.platformio/packages/framework-arduinorenesas-uno/variants/UNOWIFIR4/libs/libfsp.a(r_sci_i2c.o)
                              .pio/build/uno_r4_wifi/libFrameworkArduino.a(IRQManager.cpp.o) (sci_i2c_rxi_isr)
/home/pol/.platformio/packages/framework-arduinorenesas-uno/variants/UNOWIFIR4/libs/libfsp.a(r_rtc.o)
                              .pio/build/uno_r4_wifi/libFrameworkArduino.a(IRQManager.cpp.o) (rtc_alarm_periodic_isr)
/home/pol/.platformio/packages/framework-arduinorenesas-uno/variants/UNOWIFIR4/libs/libfsp.a(r_ioport.o)
                              .pio/build/uno_r4_wifi/libFrameworkArduino.a(digital.cpp.o) (R_IOPORT_PinRead)
/home/pol/.platformio/packages/framework-arduinorenesas-uno/variants/UNOWIFIR4/libs/libfsp.a(r_iic_slave.o)
                              .pio/build/uno_r4_wifi/libFrameworkArduino.a(IRQManager.cpp.o) (iic_slave_rxi_isr)
/home/pol/.platformio/packages/framework-arduinorenesas-uno/variants/UNOWIFIR4/libs/libfsp.a(r_iic_master.o)
[...]
Memory Configuration

Name             Origin             Length             Attributes
FLASH            0x0000000000004000 0x000000000003c000 xr
RAM              0x0000000020000000 0x0000000000008000 xrw
DATA_FLASH       0x0000000040100000 0x0000000000002000 xr
OPTION_SETTING   0x0000000000000000 0x0000000000000000 r
OPTION_SETTING_S 0x0000000000000000 0x0000000000000000 r
ID_CODE          0x0000000001010018 0x0000000000000020 xr
*default*        0x0000000000000000 0xffffffffffffffff

Linker script and memory map

LOAD /home/pol/.platformio/packages/toolchain-gccarmnoneeabi/bin/../lib/gcc/arm-none-eabi/7.2.1/thumb/v7e-m/fpv4-sp/hard/crti.o
LOAD /home/pol/.platformio/packages/toolchain-gccarmnoneeabi/bin/../lib/gcc/arm-none-eabi/7.2.1/thumb/v7e-m/fpv4-sp/hard/crtbegin.o
LOAD /home/pol/.platformio/packages/toolchain-gccarmnoneeabi/bin/../lib/gcc/arm-none-eabi/7.2.1/../../../../arm-none-eabi/lib/thumb/v7e-m/fpv4-sp/hard/crt0.o
LOAD .pio/build/uno_r4_wifi/lib012/FastLED/FastLED.cpp.o
LOAD .pio/build/uno_r4_wifi/lib012/FastLED/bitswap.cpp.o
LOAD .pio/build/uno_r4_wifi/lib012/FastLED/cled_controller.cpp.o
LOAD .pio/build/uno_r4_wifi/lib012/FastLED/colorpalettes.cpp.o
LOAD .pio/build/uno_r4_wifi/lib012/FastLED/crgb.cpp.o
LOAD .pio/build/uno_r4_wifi/lib012/FastLED/fl/allocator.cpp.o
LOAD .pio/build/uno_r4_wifi/lib012/FastLED/fl/audio.cpp.o
LOAD .pio/build/uno_r4_wifi/lib012/FastLED/fl/blur.cpp.o
LOAD .pio/build/uno_r4_wifi/lib012/FastLED/fl/bytestreammemory.cpp.o
LOAD .pio/build/uno_r4_wifi/lib012/FastLED/fl/colorutils.cpp.o
LOAD .pio/build/uno_r4_wifi/lib012/FastLED/fl/corkscrew.cpp.o
LOAD .pio/build/uno_r4_wifi/lib012/FastLED/fl/downscale.cpp.o
LOAD .pio/build/uno_r4_wifi/lib012/FastLED/fl/engine_events.cpp.o
LOAD .pio/build/uno_r4_wifi/lib012/FastLED/fl/fft.cpp.o
LOAD .pio/build/uno_r4_wifi/lib012/FastLED/fl/fft_impl.cpp.o
LOAD .pio/build/uno_r4_wifi/lib012/FastLED/fl/file_system.cpp.o
LOAD .pio/build/uno_r4_wifi/lib012/FastLED/fl/fill.cpp.o
LOAD .pio/build/uno_r4_wifi/lib012/FastLED/fl/five_bit_hd_gamma.cpp.o
LOAD .pio/build/uno_r4_wifi/lib012/FastLED/fl/gradient.cpp.o
LOAD .pio/build/uno_r4_wifi/lib012/FastLED/fl/json.cpp.o
LOAD .pio/build/uno_r4_wifi/lib012/FastLED/fl/leds.cpp.o
LOAD .pio/build/uno_r4_wifi/lib012/FastLED/fl/line_simplification.cpp.o
LOAD .pio/build/uno_r4_wifi/lib012/FastLED/fl/noise_woryley.cpp.o
LOAD .pio/build/uno_r4_wifi/lib012/FastLED/fl/ptr.cpp.o
LOAD .pio/build/uno_r4_wifi/lib012/FastLED/fl/raster_sparse.cpp.o
LOAD .pio/build/uno_r4_wifi/lib012/FastLED/fl/rectangular_draw_buffer.cpp.o
LOAD .pio/build/uno_r4_wifi/lib012/FastLED/fl/screenmap.cpp.o
LOAD .pio/build/uno_r4_wifi/lib012/FastLED/fl/sin32.cpp.o
LOAD .pio/build/uno_r4_wifi/lib012/FastLED/fl/splat.cpp.o
LOAD .pio/build/uno_r4_wifi/lib012/FastLED/fl/str.cpp.o
LOAD .pio/build/uno_r4_wifi/lib012/FastLED/fl/strstream.cpp.o
LOAD .pio/build/uno_r4_wifi/lib012/FastLED/fl/stub_main.cpp.o
LOAD .pio/build/uno_r4_wifi/lib012/FastLED/fl/tile2x2.cpp.o
LOAD .pio/build/uno_r4_wifi/lib012/FastLED/fl/time_alpha.cpp.o
LOAD .pio/build/uno_r4_wifi/lib012/FastLED/fl/transform.cpp.o
LOAD .pio/build/uno_r4_wifi/lib012/FastLED/fl/type_traits.cpp.o
LOAD .pio/build/uno_r4_wifi/lib012/FastLED/fl/ui.cpp.o
LOAD .pio/build/uno_r4_wifi/lib012/FastLED/fl/upscale.cpp.o
LOAD .pio/build/uno_r4_wifi/lib012/FastLED/fl/wave_simulation.cpp.o
LOAD .pio/build/uno_r4_wifi/lib012/FastLED/fl/wave_simulation_real.cpp.o
LOAD .pio/build/uno_r4_wifi/lib012/FastLED/fl/xmap.cpp.o
LOAD .pio/build/uno_r4_wifi/lib012/FastLED/fl/xymap.cpp.o
LOAD .pio/build/uno_r4_wifi/lib012/FastLED/fl/xypath.cpp.o
LOAD .pio/build/uno_r4_wifi/lib012/FastLED/fl/xypath_impls.cpp.o
LOAD .pio/build/uno_r4_wifi/lib012/FastLED/fl/xypath_renderer.cpp.o
LOAD .pio/build/uno_r4_wifi/lib012/FastLED/fx/2d/blend.cpp.o
LOAD .pio/build/uno_r4_wifi/lib012/FastLED/fx/2d/noisepalette.cpp.o
LOAD .pio/build/uno_r4_wifi/lib012/FastLED/fx/2d/scale_up.cpp.o
LOAD .pio/build/uno_r4_wifi/lib012/FastLED/fx/2d/wave.cpp.o
LOAD .pio/build/uno_r4_wifi/lib012/FastLED/fx/frame.cpp.o
LOAD .pio/build/uno_r4_wifi/lib012/FastLED/fx/fx_engine.cpp.o
LOAD .pio/build/uno_r4_wifi/lib012/FastLED/fx/time.cpp.o
LOAD .pio/build/uno_r4_wifi/lib012/FastLED/fx/video.cpp.o
LOAD .pio/build/uno_r4_wifi/lib012/FastLED/fx/video/frame_interpolator.cpp.o
LOAD .pio/build/uno_r4_wifi/lib012/FastLED/fx/video/frame_tracker.cpp.o
LOAD .pio/build/uno_r4_wifi/lib012/FastLED/fx/video/pixel_stream.cpp.o
LOAD .pio/build/uno_r4_wifi/lib012/FastLED/fx/video/video_impl.cpp.o
LOAD .pio/build/uno_r4_wifi/lib012/FastLED/hsv2rgb.cpp.o
LOAD .pio/build/uno_r4_wifi/lib012/FastLED/lib8tion.cpp.o
LOAD .pio/build/uno_r4_wifi/lib012/FastLED/noise.cpp.o
LOAD .pio/build/uno_r4_wifi/lib012/FastLED/platforms.cpp.o
LOAD .pio/build/uno_r4_wifi/lib012/FastLED/platforms/arm/k20/clockless_objectfled.cpp.o
LOAD .pio/build/uno_r4_wifi/lib012/FastLED/platforms/esp/32/clockless_i2s_esp32s3.cpp.o
LOAD .pio/build/uno_r4_wifi/lib012/FastLED/platforms/esp/32/i2s/i2s_esp32dev.cpp.o
LOAD .pio/build/uno_r4_wifi/lib012/FastLED/platforms/esp/32/rmt_4/idf4_rmt.cpp.o
LOAD .pio/build/uno_r4_wifi/lib012/FastLED/platforms/esp/32/rmt_4/idf4_rmt_impl.cpp.o
LOAD .pio/build/uno_r4_wifi/lib012/FastLED/platforms/esp/32/rmt_5/idf5_rmt.cpp.o
LOAD .pio/build/uno_r4_wifi/lib012/FastLED/platforms/esp/32/rmt_5/strip_rmt.cpp.o
LOAD .pio/build/uno_r4_wifi/lib012/FastLED/platforms/esp/32/spi_ws2812/strip_spi.cpp.o
LOAD .pio/build/uno_r4_wifi/lib012/FastLED/platforms/wasm/active_strip_data.cpp.o
LOAD .pio/build/uno_r4_wifi/lib012/FastLED/platforms/wasm/active_strip_data2.cpp.o
LOAD .pio/build/uno_r4_wifi/lib012/FastLED/platforms/wasm/compiler/Arduino.cpp.o
LOAD .pio/build/uno_r4_wifi/lib012/FastLED/platforms/wasm/engine_listener.cpp.o
LOAD .pio/build/uno_r4_wifi/lib012/FastLED/platforms/wasm/fastspi_wasm.cpp.o
LOAD .pio/build/uno_r4_wifi/lib012/FastLED/platforms/wasm/fs_wasm.cpp.o
LOAD .pio/build/uno_r4_wifi/lib012/FastLED/platforms/wasm/js.cpp.o
LOAD .pio/build/uno_r4_wifi/lib012/FastLED/platforms/wasm/js_bindings.cpp.o
LOAD .pio/build/uno_r4_wifi/lib012/FastLED/platforms/wasm/timer.cpp.o
LOAD .pio/build/uno_r4_wifi/lib012/FastLED/platforms/wasm/ui/audio.cpp.o
LOAD .pio/build/uno_r4_wifi/lib012/FastLED/platforms/wasm/ui/button.cpp.o
LOAD .pio/build/uno_r4_wifi/lib012/FastLED/platforms/wasm/ui/checkbox.cpp.o
LOAD .pio/build/uno_r4_wifi/lib012/FastLED/platforms/wasm/ui/description.cpp.o
LOAD .pio/build/uno_r4_wifi/lib012/FastLED/platforms/wasm/ui/number_field.cpp.o
LOAD .pio/build/uno_r4_wifi/lib012/FastLED/platforms/wasm/ui/slider.cpp.o
LOAD .pio/build/uno_r4_wifi/lib012/FastLED/platforms/wasm/ui/title.cpp.o
LOAD .pio/build/uno_r4_wifi/lib012/FastLED/platforms/wasm/ui/ui_internal.cpp.o
LOAD .pio/build/uno_r4_wifi/lib012/FastLED/platforms/wasm/ui/ui_manager.cpp.o
LOAD .pio/build/uno_r4_wifi/lib012/FastLED/power_mgt.cpp.o
LOAD .pio/build/uno_r4_wifi/lib012/FastLED/rgbw.cpp.o
LOAD .pio/build/uno_r4_wifi/lib012/FastLED/sensors/button.cpp.o
LOAD .pio/build/uno_r4_wifi/lib012/FastLED/sensors/digital_pin.cpp.o
LOAD .pio/build/uno_r4_wifi/lib012/FastLED/sensors/pir.cpp.o
LOAD .pio/build/uno_r4_wifi/lib012/FastLED/simplex.cpp.o
LOAD .pio/build/uno_r4_wifi/lib012/FastLED/third_party/cq_kernel/cq_kernel.c.o
LOAD .pio/build/uno_r4_wifi/lib012/FastLED/third_party/cq_kernel/kiss_fft.c.o
LOAD .pio/build/uno_r4_wifi/lib012/FastLED/third_party/cq_kernel/kiss_fftr.c.o
LOAD .pio/build/uno_r4_wifi/lib012/FastLED/third_party/espressif/led_strip/src/led_strip_api.c.o
LOAD .pio/build/uno_r4_wifi/lib012/FastLED/third_party/espressif/led_strip/src/led_strip_rmt_dev.c.o
LOAD .pio/build/uno_r4_wifi/lib012/FastLED/third_party/espressif/led_strip/src/led_strip_rmt_encoder.c.o
LOAD .pio/build/uno_r4_wifi/lib012/FastLED/third_party/espressif/led_strip/src/led_strip_spi_dev.c.o
LOAD .pio/build/uno_r4_wifi/lib012/FastLED/third_party/object_fled/src/OjectFLED.cpp.o
LOAD .pio/build/uno_r4_wifi/lib012/FastLED/transpose8x1_noinline.cpp.o
LOAD .pio/build/uno_r4_wifi/lib012/FastLED/wiring.cpp.o
LOAD .pio/build/uno_r4_wifi/src/led.ino.cpp.o
START GROUP
LOAD .pio/build/uno_r4_wifi/liba77/libSoftwareSerial.a
LOAD .pio/build/uno_r4_wifi/lib39f/libSPI.a
LOAD .pio/build/uno_r4_wifi/libFrameworkArduinoVariant.a
LOAD .pio/build/uno_r4_wifi/libFrameworkArduino.a
LOAD /home/pol/.platformio/packages/framework-arduinorenesas-uno/variants/UNOWIFIR4/libs/libfsp.a
LOAD /home/pol/.platformio/packages/toolchain-gccarmnoneeabi/bin/../lib/gcc/arm-none-eabi/7.2.1/../../../../arm-none-eabi/lib/thumb/v7e-m/fpv4-sp/hard/libstdc++_nano.a
LOAD /home/pol/.platformio/packages/toolchain-gccarmnoneeabi/bin/../lib/gcc/arm-none-eabi/7.2.1/../../../../arm-none-eabi/lib/thumb/v7e-m/fpv4-sp/hard/libsupc++_nano.a
LOAD /home/pol/.platformio/packages/toolchain-gccarmnoneeabi/bin/../lib/gcc/arm-none-eabi/7.2.1/thumb/v7e-m/fpv4-sp/hard/libgcc.a
LOAD /home/pol/.platformio/packages/toolchain-gccarmnoneeabi/bin/../lib/gcc/arm-none-eabi/7.2.1/../../../../arm-none-eabi/lib/thumb/v7e-m/fpv4-sp/hard/libnosys.a
END GROUP
LOAD /home/pol/.platformio/packages/toolchain-gccarmnoneeabi/bin/../lib/gcc/arm-none-eabi/7.2.1/../../../../arm-none-eabi/lib/thumb/v7e-m/fpv4-sp/hard/libstdc++_nano.a
LOAD /home/pol/.platformio/packages/toolchain-gccarmnoneeabi/bin/../lib/gcc/arm-none-eabi/7.2.1/../../../../arm-none-eabi/lib/thumb/v7e-m/fpv4-sp/hard/libm.a
LOAD /home/pol/.platformio/packages/toolchain-gccarmnoneeabi/bin/../lib/gcc/arm-none-eabi/7.2.1/../../../../arm-none-eabi/lib/thumb/v7e-m/fpv4-sp/hard/libc_nano.a
START GROUP
LOAD /home/pol/.platformio/packages/toolchain-gccarmnoneeabi/bin/../lib/gcc/arm-none-eabi/7.2.1/thumb/v7e-m/fpv4-sp/hard/libgcc.a
LOAD /home/pol/.platformio/packages/toolchain-gccarmnoneeabi/bin/../lib/gcc/arm-none-eabi/7.2.1/../../../../arm-none-eabi/lib/thumb/v7e-m/fpv4-sp/hard/libc_nano.a
END GROUP
START GROUP
LOAD /home/pol/.platformio/packages/toolchain-gccarmnoneeabi/bin/../lib/gcc/arm-none-eabi/7.2.1/thumb/v7e-m/fpv4-sp/hard/libgcc.a
LOAD /home/pol/.platformio/packages/toolchain-gccarmnoneeabi/bin/../lib/gcc/arm-none-eabi/7.2.1/../../../../arm-none-eabi/lib/thumb/v7e-m/fpv4-sp/hard/libc_nano.a
LOAD /home/pol/.platformio/packages/toolchain-gccarmnoneeabi/bin/../lib/gcc/arm-none-eabi/7.2.1/../../../../arm-none-eabi/lib/thumb/v7e-m/fpv4-sp/hard/libnosys.a
END GROUP
START GROUP
LOAD /home/pol/.platformio/packages/toolchain-gccarmnoneeabi/bin/../lib/gcc/arm-none-eabi/7.2.1/thumb/v7e-m/fpv4-sp/hard/libgcc.a
LOAD /home/pol/.platformio/packages/toolchain-gccarmnoneeabi/bin/../lib/gcc/arm-none-eabi/7.2.1/../../../../arm-none-eabi/lib/thumb/v7e-m/fpv4-sp/hard/libc_nano.a
LOAD /home/pol/.platformio/packages/toolchain-gccarmnoneeabi/bin/../lib/gcc/arm-none-eabi/7.2.1/../../../../arm-none-eabi/lib/thumb/v7e-m/fpv4-sp/hard/libnosys.a
END GROUP
LOAD /home/pol/.platformio/packages/toolchain-gccarmnoneeabi/bin/../lib/gcc/arm-none-eabi/7.2.1/thumb/v7e-m/fpv4-sp/hard/crtend.o
LOAD /home/pol/.platformio/packages/toolchain-gccarmnoneeabi/bin/../lib/gcc/arm-none-eabi/7.2.1/thumb/v7e-m/fpv4-sp/hard/crtn.o
                0x0000000020000000                RAM_START = 0x20000000
                0x0000000000008000                RAM_LENGTH = 0x8000
                0x0000000000000000                FLASH_START = 0x0
                0x0000000000040000                FLASH_LENGTH = 0x40000
                0x0000000040100000                DATA_FLASH_START = 0x40100000
                0x0000000000002000                DATA_FLASH_LENGTH = 0x2000
                0x0000000000000000                OPTION_SETTING_START = 0x0
                0x0000000000000000                OPTION_SETTING_LENGTH = 0x0
                0x0000000000000000                OPTION_SETTING_S_START = 0x0
                0x0000000000000000                OPTION_SETTING_S_LENGTH = 0x0
                0x0000000001010018                ID_CODE_START = 0x1010018
                0x0000000000000020                ID_CODE_LENGTH = 0x20
                0x0000000090000000                SDRAM_START = 0x90000000
                0x0000000000000000                SDRAM_LENGTH = 0x0
                0x0000000060000000                QSPI_FLASH_START = 0x60000000
                0x0000000000000000                QSPI_FLASH_LENGTH = 0x0
                0x0000000068000000                OSPI_DEVICE_0_START = 0x68000000
                0x0000000000000000                OSPI_DEVICE_0_LENGTH = 0x0
                0x0000000070000000                OSPI_DEVICE_1_START = 0x70000000
                0x0000000000000000                OSPI_DEVICE_1_LENGTH = 0x0
                0x0000000000004000                FLASH_IMAGE_START = 0x4000
                0x0000000000000100                VECTOR_TABLE_LENGTH = 0x100
                0x0000000000000400                BSP_CFG_STACK_MAIN_BYTES = 0x400
START GROUP
LOAD /home/pol/.platformio/packages/toolchain-gccarmnoneeabi/bin/../lib/gcc/arm-none-eabi/7.2.1/thumb/v7e-m/fpv4-sp/hard/libgcc.a
LOAD /home/pol/.platformio/packages/toolchain-gccarmnoneeabi/bin/../lib/gcc/arm-none-eabi/7.2.1/../../../../arm-none-eabi/lib/thumb/v7e-m/fpv4-sp/hard/libc.a
LOAD /home/pol/.platformio/packages/toolchain-gccarmnoneeabi/bin/../lib/gcc/arm-none-eabi/7.2.1/../../../../arm-none-eabi/lib/thumb/v7e-m/fpv4-sp/hard/libm.a
LOAD /home/pol/.platformio/packages/toolchain-gccarmnoneeabi/bin/../lib/gcc/arm-none-eabi/7.2.1/../../../../arm-none-eabi/lib/thumb/v7e-m/fpv4-sp/hard/libnosys.a
END GROUP

.text           0x0000000000004000     0x9cb0
                0x0000000000000000                __tz_FLASH_S = ABSOLUTE (FLASH_START)
                0x0000000000004000                __ROM_Start = .
 *(.sketch_boot)
                0x0000000000004000                . = ALIGN (0x800)
 *(.fixed_vectors*)
 .fixed_vectors
                0x0000000000004000       0x40 /home/pol/.platformio/packages/framework-arduinorenesas-uno/variants/UNOWIFIR4/libs/libfsp.a(startup.o)
                0x0000000000004000                __Vectors
 *(.application_vectors*)
 .application_vectors
                0x0000000000004040       0x80 .pio/build/uno_r4_wifi/libFrameworkArduino.a(vector_table.c.o)
                0x0000000000004040                g_vector_table
                0x00000000000040c0                __Vectors_End = .
 *(.text*)
 .text          0x00000000000040c0       0x40 /home/pol/.platformio/packages/toolchain-gccarmnoneeabi/bin/../lib/gcc/arm-none-eabi/7.2.1/thumb/v7e-m/fpv4-sp/hard/crtbegin.o
 .text._ZN2fl12EngineEvents10onEndFrameEv
                0x0000000000004100        0xe .pio/build/uno_r4_wifi/lib012/FastLED/FastLED.cpp.o
                0x0000000000004100                fl::EngineEvents::onEndFrame()
 .text.atexit   0x000000000000410e        0x4 .pio/build/uno_r4_wifi/lib012/FastLED/FastLED.cpp.o
                0x000000000000410e                atexit
 .text._ZN8CFastLEDC2Ev
                0x0000000000004112       0x14 .pio/build/uno_r4_wifi/lib012/FastLED/FastLED.cpp.o
                0x0000000000004112                CFastLED::CFastLED()
                0x0000000000004112                CFastLED::CFastLED()
 *fill*         0x0000000000004126        0x2 ff
 .text._ZN8CFastLED7addLedsEP14CLEDControllerP4CRGBii
                0x0000000000004128       0x5c .pio/build/uno_r4_wifi/lib012/FastLED/FastLED.cpp.o
                0x0000000000004128                CFastLED::addLeds(CLEDController*, CRGB*, int, int)
 .text._ZN8CFastLED9clearDataEv
                0x0000000000004184       0x1c .pio/build/uno_r4_wifi/lib012/FastLED/FastLED.cpp.o
                0x0000000000004184                CFastLED::clearData()
 .text._ZN8CFastLED8countFPSEi
                0x00000000000041a0       0x44 .pio/build/uno_r4_wifi/lib012/FastLED/FastLED.cpp.o
                0x00000000000041a0                CFastLED::countFPS(int)
 .text._ZN8CFastLED4showEh
                0x00000000000041e4       0xe0 .pio/build/uno_r4_wifi/lib012/FastLED/FastLED.cpp.o
                0x00000000000041e4                CFastLED::show(unsigned char)
 .text._ZN8CFastLED9showColorERK4CRGBh
                0x00000000000042c4       0xd4 .pio/build/uno_r4_wifi/lib012/FastLED/FastLED.cpp.o
                0x00000000000042c4                CFastLED::showColor(CRGB const&, unsigned char)
 .text._ZN8CFastLED5clearEb
                0x0000000000004398       0x20 .pio/build/uno_r4_wifi/lib012/FastLED/FastLED.cpp.o
                0x0000000000004398                CFastLED::clear(bool)
 .text.startup._GLOBAL__sub_I__Z19cled_contoller_sizev
                0x00000000000043b8        0xc .pio/build/uno_r4_wifi/lib012/FastLED/FastLED.cpp.o
 .text._ZN14CLEDController4sizeEv
                0x00000000000043c4        0x4 .pio/build/uno_r4_wifi/lib012/FastLED/cled_controller.cpp.o
                0x00000000000043c4                CLEDController::size()
 .text._ZN14CLEDController5lanesEv
                0x00000000000043c8        0x4 .pio/build/uno_r4_wifi/lib012/FastLED/cled_controller.cpp.o
                0x00000000000043c8                CLEDController::lanes()
 .text._ZN14CLEDController13beginShowLedsEi
                0x00000000000043cc        0x4 .pio/build/uno_r4_wifi/lib012/FastLED/cled_controller.cpp.o
                0x00000000000043cc                CLEDController::beginShowLeds(int)
 .text._ZN14CLEDController11endShowLedsEPv
                0x00000000000043d0        0x4 .pio/build/uno_r4_wifi/lib012/FastLED/cled_controller.cpp.o
                0x00000000000043d0                CLEDController::endShowLeds(void*)
 .text._ZNK14CLEDController17getMaxRefreshRateEv
                0x00000000000043d4        0x4 .pio/build/uno_r4_wifi/lib012/FastLED/cled_controller.cpp.o
                0x00000000000043d4                CLEDController::getMaxRefreshRate() const
 .text._ZN14CLEDController8showLedsEh
                0x00000000000043d8       0x32 .pio/build/uno_r4_wifi/lib012/FastLED/cled_controller.cpp.o
                0x00000000000043d8                CLEDController::showLeds(unsigned char)
 .text._ZN14CLEDControllerD2Ev
                0x000000000000440a        0x2 .pio/build/uno_r4_wifi/lib012/FastLED/cled_controller.cpp.o
                0x000000000000440a                CLEDController::~CLEDController()
                0x000000000000440a                CLEDController::~CLEDController()
 .text._ZN14CLEDControllerC2Ev
                0x000000000000440c       0x48 .pio/build/uno_r4_wifi/lib012/FastLED/cled_controller.cpp.o
                0x000000000000440c                CLEDController::CLEDController()
                0x000000000000440c                CLEDController::CLEDController()
 .text._ZN14CLEDController20clearLedDataInternalEi
                0x0000000000004454       0x22 .pio/build/uno_r4_wifi/lib012/FastLED/cled_controller.cpp.o
                0x0000000000004454                CLEDController::clearLedDataInternal(int)
 .text._ZN14CLEDController9clearLedsEi
                0x0000000000004476       0x16 .pio/build/uno_r4_wifi/lib012/FastLED/cled_controller.cpp.o
                0x0000000000004476                CLEDController::clearLeds(int)
 .text._ZN14CLEDController17getAdjustmentDataEh
                0x000000000000448c       0x7a .pio/build/uno_r4_wifi/lib012/FastLED/cled_controller.cpp.o
                0x000000000000448c                CLEDController::getAdjustmentData(unsigned char)
 .text._ZN4CRGB17computeAdjustmentEhRKS_S1_
                0x0000000000004506       0x48 .pio/build/uno_r4_wifi/lib012/FastLED/crgb.cpp.o
                0x0000000000004506                CRGB::computeAdjustment(unsigned char, CRGB const&, CRGB const&)
 .text._ZN4CRGB7nscale8Eh
                0x000000000000454e       0x1c .pio/build/uno_r4_wifi/lib012/FastLED/crgb.cpp.o
                0x000000000000454e                CRGB::nscale8(unsigned char)
 .text._ZN2fl6nblendER4CRGBRKS0_h
                0x000000000000456a       0x5e .pio/build/uno_r4_wifi/lib012/FastLED/fl/colorutils.cpp.o
                0x000000000000456a                fl::nblend(CRGB&, CRGB const&, unsigned char)
 .text._ZN2fl5blendERK4CRGBS2_h
                0x00000000000045c8       0x32 .pio/build/uno_r4_wifi/lib012/FastLED/fl/colorutils.cpp.o
                0x00000000000045c8                fl::blend(CRGB const&, CRGB const&, unsigned char)
 .text._ZN2fl7nscale8EP4CRGBth
                0x00000000000045fa       0x1e .pio/build/uno_r4_wifi/lib012/FastLED/fl/colorutils.cpp.o
                0x00000000000045fa                fl::nscale8(CRGB*, unsigned short, unsigned char)
 .text._ZN2fl13fadeToBlackByEP4CRGBth
                0x0000000000004618        0x8 .pio/build/uno_r4_wifi/lib012/FastLED/fl/colorutils.cpp.o
                0x0000000000004618                fl::fadeToBlackBy(CRGB*, unsigned short, unsigned char)
 .text._ZN2fl9allocatorINS_12EngineEvents4PairEE8allocateEj.isra.8
                0x0000000000004620       0x20 .pio/build/uno_r4_wifi/lib012/FastLED/fl/engine_events.cpp.o
 .text._ZN2fl10HeapVectorINS_12EngineEvents4PairENS_9allocatorIS2_EEEC2EjRKS2_
                0x0000000000004640       0x34 .pio/build/uno_r4_wifi/lib012/FastLED/fl/engine_events.cpp.o
                0x0000000000004640                fl::HeapVector<fl::EngineEvents::Pair, fl::allocator<fl::EngineEvents::Pair> >::HeapVector(unsigned int, fl::EngineEvents::Pair const&)
                0x0000000000004640                fl::HeapVector<fl::EngineEvents::Pair, fl::allocator<fl::EngineEvents::Pair> >::HeapVector(unsigned int, fl::EngineEvents::Pair const&)
 .text._ZN2fl9SingletonINS_12EngineEventsELi0EE8instanceEv
                0x0000000000004674       0x5c .pio/build/uno_r4_wifi/lib012/FastLED/fl/engine_events.cpp.o
                0x0000000000004674                fl::Singleton<fl::EngineEvents, 0>::instance()
 .text._ZN2fl12EngineEvents11getInstanceEv
                0x00000000000046d0        0x8 .pio/build/uno_r4_wifi/lib012/FastLED/fl/engine_events.cpp.o
                0x00000000000046d0                fl::EngineEvents::getInstance()
 .text._ZN2fl11FixedVectorINS_12EngineEvents4PairELj16EE3endEv
                0x00000000000046d8       0x12 .pio/build/uno_r4_wifi/lib012/FastLED/fl/engine_events.cpp.o
                0x00000000000046d8                fl::FixedVector<fl::EngineEvents::Pair, 16u>::end()
 .text._ZN2fl13InlinedVectorINS_12EngineEvents4PairELj16EE3endEv
                0x00000000000046ea       0x1c .pio/build/uno_r4_wifi/lib012/FastLED/fl/engine_events.cpp.o
                0x00000000000046ea                fl::InlinedVector<fl::EngineEvents::Pair, 16u>::end()
 .text._ZN2fl11FixedVectorINS_12EngineEvents4PairELj16EE5clearEv
                0x0000000000004706       0x10 .pio/build/uno_r4_wifi/lib012/FastLED/fl/engine_events.cpp.o
                0x0000000000004706                fl::FixedVector<fl::EngineEvents::Pair, 16u>::clear()
 .text._ZN2fl13InlinedVectorINS_12EngineEvents4PairELj16EED2Ev
                0x0000000000004716       0x1e .pio/build/uno_r4_wifi/lib012/FastLED/fl/engine_events.cpp.o
                0x0000000000004716                fl::InlinedVector<fl::EngineEvents::Pair, 16u>::~InlinedVector()
                0x0000000000004716                fl::InlinedVector<fl::EngineEvents::Pair, 16u>::~InlinedVector()
 .text.__tcf_0  0x0000000000004734       0x10 .pio/build/uno_r4_wifi/lib012/FastLED/fl/engine_events.cpp.o
 .text._ZN2fl11FixedVectorINS_12EngineEvents4PairELj16EE9push_backERKS2_
                0x0000000000004744       0x26 .pio/build/uno_r4_wifi/lib012/FastLED/fl/engine_events.cpp.o
                0x0000000000004744                fl::FixedVector<fl::EngineEvents::Pair, 16u>::push_back(fl::EngineEvents::Pair const&)
 .text._ZN2fl10HeapVectorINS_12EngineEvents4PairENS_9allocatorIS2_EEE11ensure_sizeEj
                0x000000000000476a       0x46 .pio/build/uno_r4_wifi/lib012/FastLED/fl/engine_events.cpp.o
                0x000000000000476a                fl::HeapVector<fl::EngineEvents::Pair, fl::allocator<fl::EngineEvents::Pair> >::ensure_size(unsigned int)
 .text._ZN2fl10HeapVectorINS_12EngineEvents4PairENS_9allocatorIS2_EEE7reserveEj
                0x00000000000047b0        0xe .pio/build/uno_r4_wifi/lib012/FastLED/fl/engine_events.cpp.o
                0x00000000000047b0                fl::HeapVector<fl::EngineEvents::Pair, fl::allocator<fl::EngineEvents::Pair> >::reserve(unsigned int)
 .text._ZN2fl10HeapVectorINS_12EngineEvents4PairENS_9allocatorIS2_EEE9push_backERKS2_
                0x00000000000047be       0x2a .pio/build/uno_r4_wifi/lib012/FastLED/fl/engine_events.cpp.o
                0x00000000000047be                fl::HeapVector<fl::EngineEvents::Pair, fl::allocator<fl::EngineEvents::Pair> >::push_back(fl::EngineEvents::Pair const&)
 .text._ZN2fl13InlinedVectorINS_12EngineEvents4PairELj16EEC2ERKS3_
                0x00000000000047e8       0xa4 .pio/build/uno_r4_wifi/lib012/FastLED/fl/engine_events.cpp.o
                0x00000000000047e8                fl::InlinedVector<fl::EngineEvents::Pair, 16u>::InlinedVector(fl::InlinedVector<fl::EngineEvents::Pair, 16u> const&)
                0x00000000000047e8                fl::InlinedVector<fl::EngineEvents::Pair, 16u>::InlinedVector(fl::InlinedVector<fl::EngineEvents::Pair, 16u> const&)
 .text._ZN2fl12EngineEvents13_onBeginFrameEv
                0x000000000000488c       0x3a .pio/build/uno_r4_wifi/lib012/FastLED/fl/engine_events.cpp.o
                0x000000000000488c                fl::EngineEvents::_onBeginFrame()
 .text._ZN2fl12EngineEvents14_onEndShowLedsEv
                0x00000000000048c6       0x3a .pio/build/uno_r4_wifi/lib012/FastLED/fl/engine_events.cpp.o
                0x00000000000048c6                fl::EngineEvents::_onEndShowLeds()
 .text._ZN2fl12EngineEvents11_onEndFrameEv
                0x0000000000004900       0x3a .pio/build/uno_r4_wifi/lib012/FastLED/fl/engine_events.cpp.o
                0x0000000000004900                fl::EngineEvents::_onEndFrame()
 .text._ZN2fl12EngineEvents13_onStripAddedEP14CLEDControllerm
                0x000000000000493a       0x42 .pio/build/uno_r4_wifi/lib012/FastLED/fl/engine_events.cpp.o
                0x000000000000493a                fl::EngineEvents::_onStripAdded(CLEDController*, unsigned long)
 .text._ZN2fl10fill_solidEP4CRGBiRKS0_
                0x000000000000497c       0x1c .pio/build/uno_r4_wifi/lib012/FastLED/fl/fill.cpp.o
                0x000000000000497c                fl::fill_solid(CRGB*, int, CRGB const&)
 .text._ZN19CPixelLEDControllerIL6EOrder66ELi1ELm4294967295EE5lanesEv
                0x0000000000004998        0x4 .pio/build/uno_r4_wifi/src/led.ino.cpp.o
                0x0000000000004998                CPixelLEDController<(EOrder)66, 1, 4294967295ul>::lanes()
 .text._ZNK19ClocklessControllerILi8ELi12ELi30ELi18EL6EOrder66ELi0ELb0ELi50EE17getMaxRefreshRateEv
                0x000000000000499c        0x6 .pio/build/uno_r4_wifi/src/led.ino.cpp.o
                0x000000000000499c                ClocklessController<8, 12, 30, 18, (EOrder)66, 0, false, 50>::getMaxRefreshRate() const
 .text._ZNK19ClocklessControllerILi7ELi12ELi30ELi18EL6EOrder66ELi0ELb0ELi50EE17getMaxRefreshRateEv
                0x00000000000049a2        0x6 .pio/build/uno_r4_wifi/src/led.ino.cpp.o
                0x00000000000049a2                ClocklessController<7, 12, 30, 18, (EOrder)66, 0, false, 50>::getMaxRefreshRate() const
 .text._ZN19ClocklessControllerILi8ELi12ELi30ELi18EL6EOrder66ELi0ELb0ELi50EE4initEv
                0x00000000000049a8       0x1c .pio/build/uno_r4_wifi/src/led.ino.cpp.o
                0x00000000000049a8                ClocklessController<8, 12, 30, 18, (EOrder)66, 0, false, 50>::init()
 .text._ZN19ClocklessControllerILi7ELi12ELi30ELi18EL6EOrder66ELi0ELb0ELi50EE4initEv
                0x00000000000049c4       0x1c .pio/build/uno_r4_wifi/src/led.ino.cpp.o
                0x00000000000049c4                ClocklessController<7, 12, 30, 18, (EOrder)66, 0, false, 50>::init()
 .text._ZN19ClocklessControllerILi8ELi12ELi30ELi18EL6EOrder66ELi0ELb0ELi50EED2Ev
                0x00000000000049e0       0x14 .pio/build/uno_r4_wifi/src/led.ino.cpp.o
                0x00000000000049e0                ClocklessController<8, 12, 30, 18, (EOrder)66, 0, false, 50>::~ClocklessController()
                0x00000000000049e0                ClocklessController<8, 12, 30, 18, (EOrder)66, 0, false, 50>::~ClocklessController()
 .text._ZN19ClocklessControllerILi8ELi12ELi30ELi18EL6EOrder66ELi0ELb0ELi50EED0Ev
                0x00000000000049f4       0x14 .pio/build/uno_r4_wifi/src/led.ino.cpp.o
                0x00000000000049f4                ClocklessController<8, 12, 30, 18, (EOrder)66, 0, false, 50>::~ClocklessController()
 .text._ZN22WS2812Controller800KhzILh8EL6EOrder66EED2Ev
                0x0000000000004a08       0x14 .pio/build/uno_r4_wifi/src/led.ino.cpp.o
                0x0000000000004a08                WS2812Controller800Khz<(unsigned char)8, (EOrder)66>::~WS2812Controller800Khz()
                0x0000000000004a08                WS2812Controller800Khz<(unsigned char)8, (EOrder)66>::~WS2812Controller800Khz()
 .text._ZN22WS2812Controller800KhzILh8EL6EOrder66EED0Ev
                0x0000000000004a1c       0x14 .pio/build/uno_r4_wifi/src/led.ino.cpp.o
                0x0000000000004a1c                WS2812Controller800Khz<(unsigned char)8, (EOrder)66>::~WS2812Controller800Khz()
 .text._ZN6WS2812ILh8EL6EOrder66EED2Ev
                0x0000000000004a30       0x14 .pio/build/uno_r4_wifi/src/led.ino.cpp.o
                0x0000000000004a30                WS2812<(unsigned char)8, (EOrder)66>::~WS2812()
                0x0000000000004a30                WS2812<(unsigned char)8, (EOrder)66>::~WS2812()
 .text.__tcf_1  0x0000000000004a44       0x10 .pio/build/uno_r4_wifi/src/led.ino.cpp.o
 .text._ZN6WS2812ILh8EL6EOrder66EED0Ev
                0x0000000000004a54       0x14 .pio/build/uno_r4_wifi/src/led.ino.cpp.o
                0x0000000000004a54                WS2812<(unsigned char)8, (EOrder)66>::~WS2812()
 .text._ZN19ClocklessControllerILi7ELi12ELi30ELi18EL6EOrder66ELi0ELb0ELi50EED2Ev
                0x0000000000004a68       0x14 .pio/build/uno_r4_wifi/src/led.ino.cpp.o
                0x0000000000004a68                ClocklessController<7, 12, 30, 18, (EOrder)66, 0, false, 50>::~ClocklessController()
                0x0000000000004a68                ClocklessController<7, 12, 30, 18, (EOrder)66, 0, false, 50>::~ClocklessController()
 .text._ZN19ClocklessControllerILi7ELi12ELi30ELi18EL6EOrder66ELi0ELb0ELi50EED0Ev
                0x0000000000004a7c       0x14 .pio/build/uno_r4_wifi/src/led.ino.cpp.o
                0x0000000000004a7c                ClocklessController<7, 12, 30, 18, (EOrder)66, 0, false, 50>::~ClocklessController()
 .text._ZN22WS2812Controller800KhzILh7EL6EOrder66EED2Ev
                0x0000000000004a90       0x14 .pio/build/uno_r4_wifi/src/led.ino.cpp.o
                0x0000000000004a90                WS2812Controller800Khz<(unsigned char)7, (EOrder)66>::~WS2812Controller800Khz()
                0x0000000000004a90                WS2812Controller800Khz<(unsigned char)7, (EOrder)66>::~WS2812Controller800Khz()
 .text._ZN22WS2812Controller800KhzILh7EL6EOrder66EED0Ev
                0x0000000000004aa4       0x14 .pio/build/uno_r4_wifi/src/led.ino.cpp.o
                0x0000000000004aa4                WS2812Controller800Khz<(unsigned char)7, (EOrder)66>::~WS2812Controller800Khz()
 .text._ZN6WS2812ILh7EL6EOrder66EED2Ev
                0x0000000000004ab8       0x14 .pio/build/uno_r4_wifi/src/led.ino.cpp.o
                0x0000000000004ab8                WS2812<(unsigned char)7, (EOrder)66>::~WS2812()
                0x0000000000004ab8                WS2812<(unsigned char)7, (EOrder)66>::~WS2812()
 .text.__tcf_0  0x0000000000004acc       0x10 .pio/build/uno_r4_wifi/src/led.ino.cpp.o
 .text._ZN6WS2812ILh7EL6EOrder66EED0Ev
                0x0000000000004adc       0x14 .pio/build/uno_r4_wifi/src/led.ino.cpp.o
                0x0000000000004adc                WS2812<(unsigned char)7, (EOrder)66>::~WS2812()
 .text.setup    0x0000000000004af0       0xdc .pio/build/uno_r4_wifi/src/led.ino.cpp.o
                0x0000000000004af0                setup
 .text.loop     0x0000000000004bcc      0x28c .pio/build/uno_r4_wifi/src/led.ino.cpp.o
                0x0000000000004bcc                loop
 .text._ZN8CMinWaitILi50EE4waitEv
                0x0000000000004e58       0x14 .pio/build/uno_r4_wifi/src/led.ino.cpp.o
                0x0000000000004e58                CMinWait<50>::wait()
 .text._ZN19ClocklessControllerILi8ELi12ELi30ELi18EL6EOrder66ELi0ELb0ELi50EE15showRGBInternalE15PixelControllerILS0_66ELi1ELm4294967295EE
                0x0000000000004e6c      0x24c .pio/build/uno_r4_wifi/src/led.ino.cpp.o
                0x0000000000004e6c                ClocklessController<8, 12, 30, 18, (EOrder)66, 0, false, 50>::showRGBInternal(PixelController<(EOrder)66, 1, 4294967295ul>)
 .text._ZN19ClocklessControllerILi7ELi12ELi30ELi18EL6EOrder66ELi0ELb0ELi50EE15showRGBInternalE15PixelControllerILS0_66ELi1ELm4294967295EE
                0x00000000000050b8      0x24c .pio/build/uno_r4_wifi/src/led.ino.cpp.o
                0x00000000000050b8                ClocklessController<7, 12, 30, 18, (EOrder)66, 0, false, 50>::showRGBInternal(PixelController<(EOrder)66, 1, 4294967295ul>)
 .text._ZN15PixelControllerIL6EOrder66ELi1ELm4294967295EE4copyIS1_EEvRKT_
                0x0000000000005304       0x40 .pio/build/uno_r4_wifi/src/led.ino.cpp.o
                0x0000000000005304                void PixelController<(EOrder)66, 1, 4294967295ul>::copy<PixelController<(EOrder)66, 1, 4294967295ul> >(PixelController<(EOrder)66, 1, 4294967295ul> const&)
 .text._ZN19ClocklessControllerILi7ELi12ELi30ELi18EL6EOrder66ELi0ELb0ELi50EE10showPixelsER15PixelControllerILS0_66ELi1ELm4294967295EE
                0x0000000000005344       0x40 .pio/build/uno_r4_wifi/src/led.ino.cpp.o
                0x0000000000005344                ClocklessController<7, 12, 30, 18, (EOrder)66, 0, false, 50>::showPixels(PixelController<(EOrder)66, 1, 4294967295ul>&)
 .text._ZN19ClocklessControllerILi8ELi12ELi30ELi18EL6EOrder66ELi0ELb0ELi50EE10showPixelsER15PixelControllerILS0_66ELi1ELm4294967295EE
                0x0000000000005384       0x40 .pio/build/uno_r4_wifi/src/led.ino.cpp.o
                0x0000000000005384                ClocklessController<8, 12, 30, 18, (EOrder)66, 0, false, 50>::showPixels(PixelController<(EOrder)66, 1, 4294967295ul>&)
 .text._ZN15PixelControllerIL6EOrder66ELi1ELm4294967295EE21init_binary_ditheringEv
                0x00000000000053c4       0x68 .pio/build/uno_r4_wifi/src/led.ino.cpp.o
                0x00000000000053c4                PixelController<(EOrder)66, 1, 4294967295ul>::init_binary_dithering()
 .text._ZN19CPixelLEDControllerIL6EOrder66ELi1ELm4294967295EE4showEPK4CRGBih
                0x000000000000542c       0x80 .pio/build/uno_r4_wifi/src/led.ino.cpp.o
                0x000000000000542c                CPixelLEDController<(EOrder)66, 1, 4294967295ul>::show(CRGB const*, int, unsigned char)
 .text._ZN19CPixelLEDControllerIL6EOrder66ELi1ELm4294967295EE9showColorERK4CRGBih
                0x00000000000054ac       0x6c .pio/build/uno_r4_wifi/src/led.ino.cpp.o
                0x00000000000054ac                CPixelLEDController<(EOrder)66, 1, 4294967295ul>::showColor(CRGB const&, int, unsigned char)
 .text.startup.main
                0x0000000000005518        0xa .pio/build/uno_r4_wifi/libFrameworkArduinoVariant.a(main.c.o)
                0x0000000000005518                main
 *fill*         0x0000000000005522        0x2 ff
 .text.pinMode  0x0000000000005524       0x30 .pio/build/uno_r4_wifi/libFrameworkArduino.a(digital.cpp.o)
                0x0000000000005524                pinMode
 .text.digitalWrite
                0x0000000000005554       0x18 .pio/build/uno_r4_wifi/libFrameworkArduino.a(digital.cpp.o)
                0x0000000000005554                digitalWrite
 .text.R_BSP_PinAccessEnable
                0x000000000000556c       0x2c .pio/build/uno_r4_wifi/libFrameworkArduino.a(main.cpp.o)
 .text.start_freertos_on_header_inclusion
                0x0000000000005598        0x2 .pio/build/uno_r4_wifi/libFrameworkArduino.a(main.cpp.o)
                0x0000000000005598                start_freertos_on_header_inclusion
 .text.early_start_freertos_on_header_inclusion
                0x000000000000559a        0x2 .pio/build/uno_r4_wifi/libFrameworkArduino.a(main.cpp.o)
                0x000000000000559a                early_start_freertos_on_header_inclusion
 .text._Z12arduino_mainv
                0x000000000000559c       0x94 .pio/build/uno_r4_wifi/libFrameworkArduino.a(main.cpp.o)
                0x000000000000559c                arduino_main()
 .text._write   0x0000000000005630        0xc .pio/build/uno_r4_wifi/libFrameworkArduino.a(main.cpp.o)
                0x0000000000005630                _write
 .text.hal_entry
                0x000000000000563c        0x6 .pio/build/uno_r4_wifi/libFrameworkArduino.a(main.cpp.o)
                0x000000000000563c                hal_entry
 .text.__cxa_pure_virtual
                0x0000000000005642        0x8 .pio/build/uno_r4_wifi/libFrameworkArduino.a(main.cpp.o)
                0x0000000000005642                __cxa_pure_virtual
 *fill*         0x000000000000564a        0x2 ff
 .text._ZL21timer_micros_callbackP22st_timer_callback_args
                0x000000000000564c       0x10 .pio/build/uno_r4_wifi/libFrameworkArduino.a(time.cpp.o)
 .text.delayMicroseconds
                0x000000000000565c        0x6 .pio/build/uno_r4_wifi/libFrameworkArduino.a(time.cpp.o)
                0x000000000000565c                delayMicroseconds
 .text.yield    0x0000000000005662        0x2 .pio/build/uno_r4_wifi/libFrameworkArduino.a(time.cpp.o)
                0x0000000000005662                yield
 .text.delay    0x0000000000005664       0x1c .pio/build/uno_r4_wifi/libFrameworkArduino.a(time.cpp.o)
                0x0000000000005664                delay
 .text._Z8startAgtv
                0x0000000000005680       0x6c .pio/build/uno_r4_wifi/libFrameworkArduino.a(time.cpp.o)
                0x0000000000005680                startAgt()
 .text.millis   0x00000000000056ec        0xc .pio/build/uno_r4_wifi/libFrameworkArduino.a(time.cpp.o)
                0x00000000000056ec                millis
 .text.micros   0x00000000000056f8       0x84 .pio/build/uno_r4_wifi/libFrameworkArduino.a(time.cpp.o)
                0x00000000000056f8                micros
 .text.startup._GLOBAL__sub_I_delayMicroseconds
                0x000000000000577c        0xc .pio/build/uno_r4_wifi/libFrameworkArduino.a(time.cpp.o)
 .text.exit._GLOBAL__sub_D_delayMicroseconds
                0x0000000000005788        0xc .pio/build/uno_r4_wifi/libFrameworkArduino.a(time.cpp.o)
 .text._ZN8FspTimerC2Ev
                0x0000000000005794       0x18 .pio/build/uno_r4_wifi/libFrameworkArduino.a(FspTimer.cpp.o)
                0x0000000000005794                FspTimer::FspTimer()
                0x0000000000005794                FspTimer::FspTimer()
 .text._ZN8FspTimer5beginE12e_timer_modehhmm18e_timer_source_divPFvP22st_timer_callback_argsEPv
                0x00000000000057ac      0x16c .pio/build/uno_r4_wifi/libFrameworkArduino.a(FspTimer.cpp.o)
                0x00000000000057ac                FspTimer::begin(e_timer_mode, unsigned char, unsigned char, unsigned long, unsigned long, e_timer_source_div, void (*)(st_timer_callback_args*), void*)
 .text._ZN8FspTimer4openEv
                0x0000000000005918       0x4e .pio/build/uno_r4_wifi/libFrameworkArduino.a(FspTimer.cpp.o)
                0x0000000000005918                FspTimer::open()
 .text._ZN8FspTimer5startEv
                0x0000000000005966       0x2e .pio/build/uno_r4_wifi/libFrameworkArduino.a(FspTimer.cpp.o)
                0x0000000000005966                FspTimer::start()
 .text._ZN8FspTimer5closeEv
                0x0000000000005994       0x2e .pio/build/uno_r4_wifi/libFrameworkArduino.a(FspTimer.cpp.o)
                0x0000000000005994                FspTimer::close()
 *fill*         0x00000000000059c2        0x2 ff
 .text._ZN8FspTimer3endEv
                0x00000000000059c4       0x48 .pio/build/uno_r4_wifi/libFrameworkArduino.a(FspTimer.cpp.o)
                0x00000000000059c4                FspTimer::end()
 .text._ZN8FspTimerD2Ev
                0x0000000000005a0c        0xc .pio/build/uno_r4_wifi/libFrameworkArduino.a(FspTimer.cpp.o)
                0x0000000000005a0c                FspTimer::~FspTimer()
                0x0000000000005a0c                FspTimer::~FspTimer()
 .text._ZN8FspTimer15get_cfg_for_irqEv
                0x0000000000005a18       0x14 .pio/build/uno_r4_wifi/libFrameworkArduino.a(FspTimer.cpp.o)
                0x0000000000005a18                FspTimer::get_cfg_for_irq()
 .text._ZN8FspTimer9is_openedEv
                0x0000000000005a2c       0x18 .pio/build/uno_r4_wifi/libFrameworkArduino.a(FspTimer.cpp.o)
                0x0000000000005a2c                FspTimer::is_opened()
 .text._ZN8FspTimer18setup_overflow_irqEhPFvvE
                0x0000000000005a44       0x4e .pio/build/uno_r4_wifi/libFrameworkArduino.a(FspTimer.cpp.o)
                0x0000000000005a44                FspTimer::setup_overflow_irq(unsigned char, void (*)())
 *fill*         0x0000000000005a92        0x2 ff
 .text.__NVIC_SetPriority
                0x0000000000005a94       0x28 .pio/build/uno_r4_wifi/libFrameworkArduino.a(IRQManager.cpp.o)
 .text.R_BSP_IrqEnable
                0x0000000000005abc       0x34 .pio/build/uno_r4_wifi/libFrameworkArduino.a(IRQManager.cpp.o)
 .text.R_BSP_IrqDisable
                0x0000000000005af0       0x24 .pio/build/uno_r4_wifi/libFrameworkArduino.a(IRQManager.cpp.o)
 .text.__tcf_0  0x0000000000005b14        0x2 .pio/build/uno_r4_wifi/libFrameworkArduino.a(IRQManager.cpp.o)
 *fill*         0x0000000000005b16        0x2 ff
 .text._ZN10IRQManager11getInstanceEv
                0x0000000000005b18       0x38 .pio/build/uno_r4_wifi/libFrameworkArduino.a(IRQManager.cpp.o)
                0x0000000000005b18                IRQManager::getInstance()
 .text._ZN10IRQManager18set_ext_link_eventEii
                0x0000000000005b50       0xc8 .pio/build/uno_r4_wifi/libFrameworkArduino.a(IRQManager.cpp.o)
                0x0000000000005b50                IRQManager::set_ext_link_event(int, int)
 .text._ZN10IRQManager23set_gpt_over_link_eventEii
                0x0000000000005c18       0x70 .pio/build/uno_r4_wifi/libFrameworkArduino.a(IRQManager.cpp.o)
                0x0000000000005c18                IRQManager::set_gpt_over_link_event(int, int)
 .text._ZN10IRQManager18set_agt_link_eventEii
                0x0000000000005c88       0x28 .pio/build/uno_r4_wifi/libFrameworkArduino.a(IRQManager.cpp.o)
                0x0000000000005c88                IRQManager::set_agt_link_event(int, int)
 .text._ZN10IRQManager16addTimerOverflowER5timerPFvvE
                0x0000000000005cb0       0x80 .pio/build/uno_r4_wifi/libFrameworkArduino.a(IRQManager.cpp.o)
                0x0000000000005cb0                IRQManager::addTimerOverflow(timer&, void (*)())
 .text._ZN10IRQManager21set_iic_tx_link_eventEii
                0x0000000000005d30       0x20 .pio/build/uno_r4_wifi/libFrameworkArduino.a(IRQManager.cpp.o)
                0x0000000000005d30                IRQManager::set_iic_tx_link_event(int, int)
 .text._ZN10IRQManager21set_iic_rx_link_eventEii
                0x0000000000005d50       0x20 .pio/build/uno_r4_wifi/libFrameworkArduino.a(IRQManager.cpp.o)
                0x0000000000005d50                IRQManager::set_iic_rx_link_event(int, int)
 .text._ZN10IRQManager22set_iic_tei_link_eventEii
                0x0000000000005d70       0x20 .pio/build/uno_r4_wifi/libFrameworkArduino.a(IRQManager.cpp.o)
                0x0000000000005d70                IRQManager::set_iic_tei_link_event(int, int)
 .text._ZN10IRQManager22set_iic_eri_link_eventEii
                0x0000000000005d90       0x20 .pio/build/uno_r4_wifi/libFrameworkArduino.a(IRQManager.cpp.o)
                0x0000000000005d90                IRQManager::set_iic_eri_link_event(int, int)
 .text._ZN10IRQManager21set_sci_tx_link_eventEii
                0x0000000000005db0       0x38 .pio/build/uno_r4_wifi/libFrameworkArduino.a(IRQManager.cpp.o)
                0x0000000000005db0                IRQManager::set_sci_tx_link_event(int, int)
 .text._ZN10IRQManager21set_sci_rx_link_eventEii
                0x0000000000005de8       0x38 .pio/build/uno_r4_wifi/libFrameworkArduino.a(IRQManager.cpp.o)
                0x0000000000005de8                IRQManager::set_sci_rx_link_event(int, int)
 .text._ZN10IRQManager22set_sci_tei_link_eventEii
                0x0000000000005e20       0x38 .pio/build/uno_r4_wifi/libFrameworkArduino.a(IRQManager.cpp.o)
                0x0000000000005e20                IRQManager::set_sci_tei_link_event(int, int)
 .text._ZN10IRQManager22set_sci_eri_link_eventEii
                0x0000000000005e58       0x38 .pio/build/uno_r4_wifi/libFrameworkArduino.a(IRQManager.cpp.o)
                0x0000000000005e58                IRQManager::set_sci_eri_link_event(int, int)
 .text._ZN10IRQManager21set_spi_tx_link_eventEii
                0x0000000000005e90       0x20 .pio/build/uno_r4_wifi/libFrameworkArduino.a(IRQManager.cpp.o)
                0x0000000000005e90                IRQManager::set_spi_tx_link_event(int, int)
 .text._ZN10IRQManager21set_spi_rx_link_eventEii
                0x0000000000005eb0       0x20 .pio/build/uno_r4_wifi/libFrameworkArduino.a(IRQManager.cpp.o)
                0x0000000000005eb0                IRQManager::set_spi_rx_link_event(int, int)
 .text._ZN10IRQManager22set_spi_tei_link_eventEii
                0x0000000000005ed0       0x20 .pio/build/uno_r4_wifi/libFrameworkArduino.a(IRQManager.cpp.o)
                0x0000000000005ed0                IRQManager::set_spi_tei_link_event(int, int)
 .text._ZN10IRQManager22set_spi_eri_link_eventEii
                0x0000000000005ef0       0x20 .pio/build/uno_r4_wifi/libFrameworkArduino.a(IRQManager.cpp.o)
                0x0000000000005ef0                IRQManager::set_spi_eri_link_event(int, int)
 .text._ZN10IRQManager13addPeripheralE12Peripheral_tPv
                0x0000000000005f10      0x904 .pio/build/uno_r4_wifi/libFrameworkArduino.a(IRQManager.cpp.o)
                0x0000000000005f10                IRQManager::addPeripheral(Peripheral_t, void*)
 .text._ZN7arduino5Print17availableForWriteEv
                0x0000000000006814        0x4 .pio/build/uno_r4_wifi/libFrameworkArduino.a(Serial.cpp.o)
                0x0000000000006814                arduino::Print::availableForWrite()
 .text._ZN4UARTcvbEv
                0x0000000000006818        0x4 .pio/build/uno_r4_wifi/libFrameworkArduino.a(Serial.cpp.o)
                0x0000000000006818                UART::operator bool()
 .text._ZN4UART5beginEm
                0x000000000000681c        0xa .pio/build/uno_r4_wifi/libFrameworkArduino.a(Serial.cpp.o)
                0x000000000000681c                UART::begin(unsigned long)
 .text._ZN4UART5flushEv
                0x0000000000006826        0xa .pio/build/uno_r4_wifi/libFrameworkArduino.a(Serial.cpp.o)
                0x0000000000006826                UART::flush()
 .text._ZN4UART4peekEv
                0x0000000000006830       0x18 .pio/build/uno_r4_wifi/libFrameworkArduino.a(Serial.cpp.o)
                0x0000000000006830                UART::peek()
 .text._ZN4UART5writeEh
                0x0000000000006848       0x34 .pio/build/uno_r4_wifi/libFrameworkArduino.a(Serial.cpp.o)
                0x0000000000006848                UART::write(unsigned char)
 .text._ZN4UART3endEv
                0x000000000000687c       0x22 .pio/build/uno_r4_wifi/libFrameworkArduino.a(Serial.cpp.o)
                0x000000000000687c                UART::end()
 .text._ZN7__GuardD2Ev
                0x000000000000689e        0xc .pio/build/uno_r4_wifi/libFrameworkArduino.a(Serial.cpp.o)
                0x000000000000689e                __Guard::~__Guard()
                0x000000000000689e                __Guard::~__Guard()
 .text._ZN4UART9availableEv
                0x00000000000068aa       0x32 .pio/build/uno_r4_wifi/libFrameworkArduino.a(Serial.cpp.o)
                0x00000000000068aa                UART::available()
 .text._ZN4UART15WrapperCallbackEP20st_uart_callback_arg
                0x00000000000068dc       0x90 .pio/build/uno_r4_wifi/libFrameworkArduino.a(Serial.cpp.o)
                0x00000000000068dc                UART::WrapperCallback(st_uart_callback_arg*)
 .text._ZN4UART4readEv
                0x000000000000696c       0x5c .pio/build/uno_r4_wifi/libFrameworkArduino.a(Serial.cpp.o)
                0x000000000000696c                UART::read()
 .text._ZN4UARTC2Eiiii
                0x00000000000069c8       0x78 .pio/build/uno_r4_wifi/libFrameworkArduino.a(Serial.cpp.o)
                0x00000000000069c8                UART::UART(int, int, int, int)
                0x00000000000069c8                UART::UART(int, int, int, int)
 .text._ZN4UART13setUpUartIrqsER11st_uart_cfg
                0x0000000000006a40       0x14 .pio/build/uno_r4_wifi/libFrameworkArduino.a(Serial.cpp.o)
                0x0000000000006a40                UART::setUpUartIrqs(st_uart_cfg&)
 .text._ZN4UART8cfg_pinsEi
                0x0000000000006a54       0xe8 .pio/build/uno_r4_wifi/libFrameworkArduino.a(Serial.cpp.o)
                0x0000000000006a54                UART::cfg_pins(int)
 .text._ZN4UART5beginEmt
                0x0000000000006b3c      0x1a8 .pio/build/uno_r4_wifi/libFrameworkArduino.a(Serial.cpp.o)
                0x0000000000006b3c                UART::begin(unsigned long, unsigned short)
 .text._ZN4UART9write_rawEPhj
                0x0000000000006ce4       0x1e .pio/build/uno_r4_wifi/libFrameworkArduino.a(Serial.cpp.o)
                0x0000000000006ce4                UART::write_raw(unsigned char*, unsigned int)
 *fill*         0x0000000000006d02        0x2 ff
 .text.startup._GLOBAL__sub_I__UART1_
                0x0000000000006d04       0x1c .pio/build/uno_r4_wifi/libFrameworkArduino.a(SerialObj1.cpp.o)
 .text._ZL13readAllGroupAP13ADC_Container
                0x0000000000006d20       0x2c .pio/build/uno_r4_wifi/libFrameworkArduino.a(analog.cpp.o)
 .text._ZL11ADC_irq_cbkP20st_adc_callback_args
                0x0000000000006d4c       0x58 .pio/build/uno_r4_wifi/libFrameworkArduino.a(analog.cpp.o)
 .text._ZL10adcConvertP13ADC_Containert
                0x0000000000006da4       0xa4 .pio/build/uno_r4_wifi/libFrameworkArduino.a(analog.cpp.o)
 .text._ZL21get_ADC_container_ptrlRt.constprop.4
                0x0000000000006e48       0x38 .pio/build/uno_r4_wifi/libFrameworkArduino.a(analog.cpp.o)
 .text._ZN13ADC_ContainerC2EhPFvP20st_adc_callback_argsEPv
                0x0000000000006e80       0x6e .pio/build/uno_r4_wifi/libFrameworkArduino.a(analog.cpp.o)
                0x0000000000006e80                ADC_Container::ADC_Container(unsigned char, void (*)(st_adc_callback_args*), void*)
                0x0000000000006e80                ADC_Container::ADC_Container(unsigned char, void (*)(st_adc_callback_args*), void*)
 .text._ZN13ADC_ContainerD2Ev
                0x0000000000006eee       0x12 .pio/build/uno_r4_wifi/libFrameworkArduino.a(analog.cpp.o)
                0x0000000000006eee                ADC_Container::~ADC_Container()
                0x0000000000006eee                ADC_Container::~ADC_Container()
 .text.analogRead
                0x0000000000006f00       0x3c .pio/build/uno_r4_wifi/libFrameworkArduino.a(analog.cpp.o)
                0x0000000000006f00                analogRead
 .text.analogReference
                0x0000000000006f3c       0x5c .pio/build/uno_r4_wifi/libFrameworkArduino.a(analog.cpp.o)
                0x0000000000006f3c                analogReference
 .text._Z15analogReferencev
                0x0000000000006f98      0x10c .pio/build/uno_r4_wifi/libFrameworkArduino.a(analog.cpp.o)
                0x0000000000006f98                analogReference()
 .text._Z23__get_timer_for_channeli
                0x00000000000070a4       0x2c .pio/build/uno_r4_wifi/libFrameworkArduino.a(analog.cpp.o)
                0x00000000000070a4                __get_timer_for_channel(int)
 .text.startup._GLOBAL__sub_I__ZN13ADC_ContainerC2EhPFvP20st_adc_callback_argsEPv
                0x00000000000070d0       0x4c .pio/build/uno_r4_wifi/libFrameworkArduino.a(analog.cpp.o)
 .text.exit._GLOBAL__sub_D__ZN13ADC_ContainerC2EhPFvP20st_adc_callback_argsEPv
                0x000000000000711c       0x1c .pio/build/uno_r4_wifi/libFrameworkArduino.a(analog.cpp.o)
 .text._Z3maplllll
                0x0000000000007138       0x14 .pio/build/uno_r4_wifi/libFrameworkArduino.a(Common.cpp.o)
                0x0000000000007138                map(long, long, long, long, long)
 .text._ZN7arduino5Print5writeEPKhj
                0x000000000000714c       0x2c .pio/build/uno_r4_wifi/libFrameworkArduino.a(Print.cpp.o)
                0x000000000000714c                arduino::Print::write(unsigned char const*, unsigned int)
 .text.dump_stack
                0x0000000000007178       0x7c .pio/build/uno_r4_wifi/libFrameworkArduino.a(cm_backtrace.c.o)
 .text.cm_backtrace_init
                0x00000000000071f4       0x74 .pio/build/uno_r4_wifi/libFrameworkArduino.a(cm_backtrace.c.o)
                0x00000000000071f4                cm_backtrace_init
 .text.cm_backtrace_firmware_info
                0x0000000000007268       0x2c .pio/build/uno_r4_wifi/libFrameworkArduino.a(cm_backtrace.c.o)
                0x0000000000007268                cm_backtrace_firmware_info
 .text.cm_backtrace_call_stack
                0x0000000000007294       0xe4 .pio/build/uno_r4_wifi/libFrameworkArduino.a(cm_backtrace.c.o)
                0x0000000000007294                cm_backtrace_call_stack
 .text.print_call_stack
                0x0000000000007378       0x94 .pio/build/uno_r4_wifi/libFrameworkArduino.a(cm_backtrace.c.o)
 .text.cm_backtrace_fault
                0x000000000000740c      0x470 .pio/build/uno_r4_wifi/libFrameworkArduino.a(cm_backtrace.c.o)
                0x000000000000740c                cm_backtrace_fault
 .text.Stacktrace_Handler
                0x000000000000787c        0xa .pio/build/uno_r4_wifi/libFrameworkArduino.a(cortex_handlers.c.o)
                0x000000000000787c                Stacktrace_Handler
 *fill*         0x0000000000007886        0x2 ff
 .text._ZN4CDacC2Eh
                0x0000000000007888       0x6c .pio/build/uno_r4_wifi/libFrameworkArduino.a(dac.cpp.o)
                0x0000000000007888                CDac::CDac(unsigned char)
                0x0000000000007888                CDac::CDac(unsigned char)
 .text.startup._GLOBAL__sub_I__ZN4CDacC2Eh
                0x00000000000078f4        0xc .pio/build/uno_r4_wifi/libFrameworkArduino.a(dac.cpp.o)
 .text._Z13pinPeripheral19e_bsp_io_port_pin_tm
                0x0000000000007900       0x10 .pio/build/uno_r4_wifi/libFrameworkArduino.a(pinDefinitions.cpp.o)
                0x0000000000007900                pinPeripheral(e_bsp_io_port_pin_t, unsigned long)
 .text._Z10getPinCfgsh11PinCfgReq_t
                0x0000000000007910       0xe0 .pio/build/uno_r4_wifi/libFrameworkArduino.a(variant_helper.cpp.o)
                0x0000000000007910                getPinCfgs(unsigned char, PinCfgReq_t)
 .text.r_spi_call_callback
                0x00000000000079f0       0x40 /home/pol/.platformio/packages/framework-arduinorenesas-uno/variants/UNOWIFIR4/libs/libfsp.a(r_spi.o)
 .text.spi_rxi_isr
                0x0000000000007a30       0x9c /home/pol/.platformio/packages/framework-arduinorenesas-uno/variants/UNOWIFIR4/libs/libfsp.a(r_spi.o)
                0x0000000000007a30                spi_rxi_isr
 .text.spi_txi_isr
                0x0000000000007acc       0xd8 /home/pol/.platformio/packages/framework-arduinorenesas-uno/variants/UNOWIFIR4/libs/libfsp.a(r_spi.o)
                0x0000000000007acc                spi_txi_isr
 .text.spi_tei_isr
                0x0000000000007ba4       0xe0 /home/pol/.platformio/packages/framework-arduinorenesas-uno/variants/UNOWIFIR4/libs/libfsp.a(r_spi.o)
                0x0000000000007ba4                spi_tei_isr
 .text.spi_eri_isr
                0x0000000000007c84       0xdc /home/pol/.platformio/packages/framework-arduinorenesas-uno/variants/UNOWIFIR4/libs/libfsp.a(r_spi.o)
                0x0000000000007c84                spi_eri_isr
 .text.R_SCI_UART_Write
                0x0000000000007d60       0xb0 /home/pol/.platformio/packages/framework-arduinorenesas-uno/variants/UNOWIFIR4/libs/libfsp.a(r_sci_uart.o)
                0x0000000000007d60                R_SCI_UART_Write
 .text.R_SCI_UART_BaudSet
                0x0000000000007e10       0x44 /home/pol/.platformio/packages/framework-arduinorenesas-uno/variants/UNOWIFIR4/libs/libfsp.a(r_sci_uart.o)
                0x0000000000007e10                R_SCI_UART_BaudSet
 .text.R_SCI_UART_Close
                0x0000000000007e54       0xd8 /home/pol/.platformio/packages/framework-arduinorenesas-uno/variants/UNOWIFIR4/libs/libfsp.a(r_sci_uart.o)
                0x0000000000007e54                R_SCI_UART_Close
 .text.r_sci_uart_call_callback
                0x0000000000007f2c       0x44 /home/pol/.platformio/packages/framework-arduinorenesas-uno/variants/UNOWIFIR4/libs/libfsp.a(r_sci_uart.o)
 .text.r_sci_uart_transfer_configure.isra.0
                0x0000000000007f70       0x38 /home/pol/.platformio/packages/framework-arduinorenesas-uno/variants/UNOWIFIR4/libs/libfsp.a(r_sci_uart.o)
 .text.R_SCI_UART_Open
                0x0000000000007fa8      0x448 /home/pol/.platformio/packages/framework-arduinorenesas-uno/variants/UNOWIFIR4/libs/libfsp.a(r_sci_uart.o)
                0x0000000000007fa8                R_SCI_UART_Open
 .text.R_SCI_UART_BaudCalculate
                0x00000000000083f0      0x184 /home/pol/.platformio/packages/framework-arduinorenesas-uno/variants/UNOWIFIR4/libs/libfsp.a(r_sci_uart.o)
                0x00000000000083f0                R_SCI_UART_BaudCalculate
 .text.sci_uart_txi_isr
                0x0000000000008574       0xec /home/pol/.platformio/packages/framework-arduinorenesas-uno/variants/UNOWIFIR4/libs/libfsp.a(r_sci_uart.o)
                0x0000000000008574                sci_uart_txi_isr
 .text.sci_uart_rxi_isr
                0x0000000000008660      0x184 /home/pol/.platformio/packages/framework-arduinorenesas-uno/variants/UNOWIFIR4/libs/libfsp.a(r_sci_uart.o)
                0x0000000000008660                sci_uart_rxi_isr
 .text.sci_uart_tei_isr
                0x00000000000087e4       0x40 /home/pol/.platformio/packages/framework-arduinorenesas-uno/variants/UNOWIFIR4/libs/libfsp.a(r_sci_uart.o)
                0x00000000000087e4                sci_uart_tei_isr
 .text.sci_uart_eri_isr
                0x0000000000008824       0x78 /home/pol/.platformio/packages/framework-arduinorenesas-uno/variants/UNOWIFIR4/libs/libfsp.a(r_sci_uart.o)
                0x0000000000008824                sci_uart_eri_isr
 .text.r_sci_spi_call_callback
                0x000000000000889c       0x40 /home/pol/.platformio/packages/framework-arduinorenesas-uno/variants/UNOWIFIR4/libs/libfsp.a(r_sci_spi.o)
 .text.sci_spi_txi_isr
                0x00000000000088dc       0x68 /home/pol/.platformio/packages/framework-arduinorenesas-uno/variants/UNOWIFIR4/libs/libfsp.a(r_sci_spi.o)
                0x00000000000088dc                sci_spi_txi_isr
 .text.sci_spi_rxi_isr
                0x0000000000008944       0x74 /home/pol/.platformio/packages/framework-arduinorenesas-uno/variants/UNOWIFIR4/libs/libfsp.a(r_sci_spi.o)
                0x0000000000008944                sci_spi_rxi_isr
 .text.sci_spi_tei_isr
                0x00000000000089b8       0x3c /home/pol/.platformio/packages/framework-arduinorenesas-uno/variants/UNOWIFIR4/libs/libfsp.a(r_sci_spi.o)
                0x00000000000089b8                sci_spi_tei_isr
 .text.sci_spi_eri_isr
                0x00000000000089f4       0x44 /home/pol/.platformio/packages/framework-arduinorenesas-uno/variants/UNOWIFIR4/libs/libfsp.a(r_sci_spi.o)
                0x00000000000089f4                sci_spi_eri_isr
 .text.sci_i2c_enable_transfer_support_tx
                0x0000000000008a38       0x34 /home/pol/.platformio/packages/framework-arduinorenesas-uno/variants/UNOWIFIR4/libs/libfsp.a(r_sci_i2c.o)
 .text.sci_i2c_notify
                0x0000000000008a6c       0x64 /home/pol/.platformio/packages/framework-arduinorenesas-uno/variants/UNOWIFIR4/libs/libfsp.a(r_sci_i2c.o)
                0x0000000000008a6c                sci_i2c_notify
 .text.sci_i2c_rxi_isr
                0x0000000000008ad0       0x20 /home/pol/.platformio/packages/framework-arduinorenesas-uno/variants/UNOWIFIR4/libs/libfsp.a(r_sci_i2c.o)
                0x0000000000008ad0                sci_i2c_rxi_isr
 .text.sci_i2c_txi_isr
                0x0000000000008af0      0x198 /home/pol/.platformio/packages/framework-arduinorenesas-uno/variants/UNOWIFIR4/libs/libfsp.a(r_sci_i2c.o)
                0x0000000000008af0                sci_i2c_txi_isr
 .text.sci_i2c_tei_isr
                0x0000000000008c88       0xf0 /home/pol/.platformio/packages/framework-arduinorenesas-uno/variants/UNOWIFIR4/libs/libfsp.a(r_sci_i2c.o)
                0x0000000000008c88                sci_i2c_tei_isr
 .text.rtc_alarm_periodic_isr
                0x0000000000008d78       0x68 /home/pol/.platformio/packages/framework-arduinorenesas-uno/variants/UNOWIFIR4/libs/libfsp.a(r_rtc.o)
                0x0000000000008d78                rtc_alarm_periodic_isr
 .text.rtc_carry_isr
                0x0000000000008de0       0x2c /home/pol/.platformio/packages/framework-arduinorenesas-uno/variants/UNOWIFIR4/libs/libfsp.a(r_rtc.o)
                0x0000000000008de0                rtc_carry_isr
 .text.R_IOPORT_PinWrite
                0x0000000000008e0c       0x20 /home/pol/.platformio/packages/framework-arduinorenesas-uno/variants/UNOWIFIR4/libs/libfsp.a(r_ioport.o)
                0x0000000000008e0c                R_IOPORT_PinWrite
 .text.bsp_vbatt_init
                0x0000000000008e2c       0xac /home/pol/.platformio/packages/framework-arduinorenesas-uno/variants/UNOWIFIR4/libs/libfsp.a(r_ioport.o)
 .text.R_IOPORT_PinCfg
                0x0000000000008ed8       0xa8 /home/pol/.platformio/packages/framework-arduinorenesas-uno/variants/UNOWIFIR4/libs/libfsp.a(r_ioport.o)
                0x0000000000008ed8                R_IOPORT_PinCfg
 .text.r_iic_slave_call_callback
                0x0000000000008f80       0x3c /home/pol/.platformio/packages/framework-arduinorenesas-uno/variants/UNOWIFIR4/libs/libfsp.a(r_iic_slave.o)
 .text.iic_slave_initiate_transaction
                0x0000000000008fbc       0x74 /home/pol/.platformio/packages/framework-arduinorenesas-uno/variants/UNOWIFIR4/libs/libfsp.a(r_iic_slave.o)
 .text.iic_slave_rxi_isr
                0x0000000000009030      0x12c /home/pol/.platformio/packages/framework-arduinorenesas-uno/variants/UNOWIFIR4/libs/libfsp.a(r_iic_slave.o)
                0x0000000000009030                iic_slave_rxi_isr
 .text.iic_slave_txi_isr
                0x000000000000915c       0xa8 /home/pol/.platformio/packages/framework-arduinorenesas-uno/variants/UNOWIFIR4/libs/libfsp.a(r_iic_slave.o)
                0x000000000000915c                iic_slave_txi_isr
 .text.iic_slave_tei_isr
                0x0000000000009204       0x94 /home/pol/.platformio/packages/framework-arduinorenesas-uno/variants/UNOWIFIR4/libs/libfsp.a(r_iic_slave.o)
                0x0000000000009204                iic_slave_tei_isr
 .text.iic_slave_eri_isr
                0x0000000000009298      0x10c /home/pol/.platformio/packages/framework-arduinorenesas-uno/variants/UNOWIFIR4/libs/libfsp.a(r_iic_slave.o)
                0x0000000000009298                iic_slave_eri_isr
 .text.iic_master_notify
                0x00000000000093a4       0x3c /home/pol/.platformio/packages/framework-arduinorenesas-uno/variants/UNOWIFIR4/libs/libfsp.a(r_iic_master.o)
 .text.iic_master_open_hw_master
                0x00000000000093e0      0x184 /home/pol/.platformio/packages/framework-arduinorenesas-uno/variants/UNOWIFIR4/libs/libfsp.a(r_iic_master.o)
 .text.iic_master_rxi_isr
                0x0000000000009564      0x13c /home/pol/.platformio/packages/framework-arduinorenesas-uno/variants/UNOWIFIR4/libs/libfsp.a(r_iic_master.o)
                0x0000000000009564                iic_master_rxi_isr
 .text.iic_master_txi_isr
                0x00000000000096a0       0xec /home/pol/.platformio/packages/framework-arduinorenesas-uno/variants/UNOWIFIR4/libs/libfsp.a(r_iic_master.o)
                0x00000000000096a0                iic_master_txi_isr
 .text.iic_master_tei_isr
                0x000000000000978c       0xc4 /home/pol/.platformio/packages/framework-arduinorenesas-uno/variants/UNOWIFIR4/libs/libfsp.a(r_iic_master.o)
                0x000000000000978c                iic_master_tei_isr
 .text.iic_master_eri_isr
                0x0000000000009850      0x140 /home/pol/.platformio/packages/framework-arduinorenesas-uno/variants/UNOWIFIR4/libs/libfsp.a(r_iic_master.o)
                0x0000000000009850                iic_master_eri_isr
 .text.r_icu_isr
                0x0000000000009990       0x6c /home/pol/.platformio/packages/framework-arduinorenesas-uno/variants/UNOWIFIR4/libs/libfsp.a(r_icu.o)
                0x0000000000009990                r_icu_isr
 .text.R_GPT_Start
                0x00000000000099fc        0xc /home/pol/.platformio/packages/framework-arduinorenesas-uno/variants/UNOWIFIR4/libs/libfsp.a(r_gpt.o)
                0x00000000000099fc                R_GPT_Start
 .text.R_GPT_Enable
                0x0000000000009a08       0x30 /home/pol/.platformio/packages/framework-arduinorenesas-uno/variants/UNOWIFIR4/libs/libfsp.a(r_gpt.o)
                0x0000000000009a08                R_GPT_Enable
 .text.r_gpt_enable_irq
                0x0000000000009a38       0x5c /home/pol/.platformio/packages/framework-arduinorenesas-uno/variants/UNOWIFIR4/libs/libfsp.a(r_gpt.o)
 .text.r_gpt_call_callback
                0x0000000000009a94       0x3c /home/pol/.platformio/packages/framework-arduinorenesas-uno/variants/UNOWIFIR4/libs/libfsp.a(r_gpt.o)
 .text.gpt_calculate_duty_cycle.isra.0
                0x0000000000009ad0       0x78 /home/pol/.platformio/packages/framework-arduinorenesas-uno/variants/UNOWIFIR4/libs/libfsp.a(r_gpt.o)
 .text.R_GPT_Open
                0x0000000000009b48      0x264 /home/pol/.platformio/packages/framework-arduinorenesas-uno/variants/UNOWIFIR4/libs/libfsp.a(r_gpt.o)
                0x0000000000009b48                R_GPT_Open
 .text.R_GPT_Close
                0x0000000000009dac       0xd4 /home/pol/.platformio/packages/framework-arduinorenesas-uno/variants/UNOWIFIR4/libs/libfsp.a(r_gpt.o)
                0x0000000000009dac                R_GPT_Close
 .text.gpt_counter_overflow_isr
                0x0000000000009e80       0x78 /home/pol/.platformio/packages/framework-arduinorenesas-uno/variants/UNOWIFIR4/libs/libfsp.a(r_gpt.o)
                0x0000000000009e80                gpt_counter_overflow_isr
 .text.R_DAC_Open
                0x0000000000009ef8       0x88 /home/pol/.platformio/packages/framework-arduinorenesas-uno/variants/UNOWIFIR4/libs/libfsp.a(r_dac.o)
                0x0000000000009ef8                R_DAC_Open
 .text.R_DAC_Write
                0x0000000000009f80        0xc /home/pol/.platformio/packages/framework-arduinorenesas-uno/variants/UNOWIFIR4/libs/libfsp.a(r_dac.o)
                0x0000000000009f80                R_DAC_Write
 .text.R_DAC_Start
                0x0000000000009f8c       0x30 /home/pol/.platformio/packages/framework-arduinorenesas-uno/variants/UNOWIFIR4/libs/libfsp.a(r_dac.o)
                0x0000000000009f8c                R_DAC_Start
 .text.R_DAC_Stop
                0x0000000000009fbc       0x34 /home/pol/.platformio/packages/framework-arduinorenesas-uno/variants/UNOWIFIR4/libs/libfsp.a(r_dac.o)
                0x0000000000009fbc                R_DAC_Stop
 .text.R_DAC_Close
                0x0000000000009ff0       0x40 /home/pol/.platformio/packages/framework-arduinorenesas-uno/variants/UNOWIFIR4/libs/libfsp.a(r_dac.o)
                0x0000000000009ff0                R_DAC_Close
 .text.r_can_call_callback
                0x000000000000a030       0x68 /home/pol/.platformio/packages/framework-arduinorenesas-uno/variants/UNOWIFIR4/libs/libfsp.a(r_can.o)
 .text.can_error_isr
                0x000000000000a098       0xd4 /home/pol/.platformio/packages/framework-arduinorenesas-uno/variants/UNOWIFIR4/libs/libfsp.a(r_can.o)
                0x000000000000a098                can_error_isr
 .text.can_rx_isr
                0x000000000000a16c      0x118 /home/pol/.platformio/packages/framework-arduinorenesas-uno/variants/UNOWIFIR4/libs/libfsp.a(r_can.o)
                0x000000000000a16c                can_rx_isr
 .text.can_tx_isr
                0x000000000000a284       0xa0 /home/pol/.platformio/packages/framework-arduinorenesas-uno/variants/UNOWIFIR4/libs/libfsp.a(r_can.o)
                0x000000000000a284                can_tx_isr
 .text.R_AGT_Start
                0x000000000000a324       0x38 /home/pol/.platformio/packages/framework-arduinorenesas-uno/variants/UNOWIFIR4/libs/libfsp.a(r_agt.o)
                0x000000000000a324                R_AGT_Start
 .text.R_AGT_Enable
                0x000000000000a35c       0x14 /home/pol/.platformio/packages/framework-arduinorenesas-uno/variants/UNOWIFIR4/libs/libfsp.a(r_agt.o)
                0x000000000000a35c                R_AGT_Enable
 .text.R_AGT_Close
                0x000000000000a370       0x84 /home/pol/.platformio/packages/framework-arduinorenesas-uno/variants/UNOWIFIR4/libs/libfsp.a(r_agt.o)
                0x000000000000a370                R_AGT_Close
 .text.R_AGT_Open
                0x000000000000a3f4      0x118 /home/pol/.platformio/packages/framework-arduinorenesas-uno/variants/UNOWIFIR4/libs/libfsp.a(r_agt.o)
                0x000000000000a3f4                R_AGT_Open
 .text.agt_int_isr
                0x000000000000a50c       0x88 /home/pol/.platformio/packages/framework-arduinorenesas-uno/variants/UNOWIFIR4/libs/libfsp.a(r_agt.o)
                0x000000000000a50c                agt_int_isr
 .text.R_ADC_ScanStart
                0x000000000000a594        0xc /home/pol/.platformio/packages/framework-arduinorenesas-uno/variants/UNOWIFIR4/libs/libfsp.a(r_adc.o)
                0x000000000000a594                R_ADC_ScanStart
 .text.R_ADC_StatusGet
                0x000000000000a5a0       0x10 /home/pol/.platformio/packages/framework-arduinorenesas-uno/variants/UNOWIFIR4/libs/libfsp.a(r_adc.o)
                0x000000000000a5a0                R_ADC_StatusGet
 .text.R_ADC_Read
                0x000000000000a5b0       0x10 /home/pol/.platformio/packages/framework-arduinorenesas-uno/variants/UNOWIFIR4/libs/libfsp.a(r_adc.o)
                0x000000000000a5b0                R_ADC_Read
 .text.R_ADC_ScanCfg
                0x000000000000a5c0      0x1a0 /home/pol/.platformio/packages/framework-arduinorenesas-uno/variants/UNOWIFIR4/libs/libfsp.a(r_adc.o)
                0x000000000000a5c0                R_ADC_ScanCfg
 .text.R_ADC_Open
                0x000000000000a760      0x240 /home/pol/.platformio/packages/framework-arduinorenesas-uno/variants/UNOWIFIR4/libs/libfsp.a(r_adc.o)
                0x000000000000a760                R_ADC_Open
 .text.R_ADC_Close
                0x000000000000a9a0       0xfc /home/pol/.platformio/packages/framework-arduinorenesas-uno/variants/UNOWIFIR4/libs/libfsp.a(r_adc.o)
                0x000000000000a9a0                R_ADC_Close
 .text.bsp_prv_software_delay_loop
                0x000000000000aa9c        0xc /home/pol/.platformio/packages/framework-arduinorenesas-uno/variants/UNOWIFIR4/libs/libfsp.a(bsp_delay.o)
                0x000000000000aa9c                bsp_prv_software_delay_loop
 .text.R_BSP_SoftwareDelay
                0x000000000000aaa8       0x5c /home/pol/.platformio/packages/framework-arduinorenesas-uno/variants/UNOWIFIR4/libs/libfsp.a(bsp_delay.o)
                0x000000000000aaa8                R_BSP_SoftwareDelay
 .text.bsp_irq_cfg
                0x000000000000ab04       0x2c /home/pol/.platformio/packages/framework-arduinorenesas-uno/variants/UNOWIFIR4/libs/libfsp.a(bsp_irq.o)
                0x000000000000ab04                bsp_irq_cfg
 .text.R_BSP_RegisterProtectEnable
                0x000000000000ab30       0x60 /home/pol/.platformio/packages/framework-arduinorenesas-uno/variants/UNOWIFIR4/libs/libfsp.a(bsp_register_protection.o)
                0x000000000000ab30                R_BSP_RegisterProtectEnable
 .text.R_BSP_RegisterProtectDisable
                0x000000000000ab90       0x54 /home/pol/.platformio/packages/framework-arduinorenesas-uno/variants/UNOWIFIR4/libs/libfsp.a(bsp_register_protection.o)
                0x000000000000ab90                R_BSP_RegisterProtectDisable
 .text.Default_Handler
                0x000000000000abe4        0x4 /home/pol/.platformio/packages/framework-arduinorenesas-uno/variants/UNOWIFIR4/libs/libfsp.a(startup.o)
                0x000000000000abe4                DebugMon_Handler
                0x000000000000abe4                HardFault_Handler
                0x000000000000abe4                SysTick_Handler
                0x000000000000abe4                PendSV_Handler
                0x000000000000abe4                UsageFault_Handler
                0x000000000000abe4                SecureFault_Handler
                0x000000000000abe4                Default_Handler
                0x000000000000abe4                MemManage_Handler
                0x000000000000abe4                SVC_Handler
                0x000000000000abe4                BusFault_Handler
 .text.Reset_Handler
                0x000000000000abe8        0xc /home/pol/.platformio/packages/framework-arduinorenesas-uno/variants/UNOWIFIR4/libs/libfsp.a(startup.o)
                0x000000000000abe8                Reset_Handler
 .text.R_BSP_WarmStart
                0x000000000000abf4        0x4 /home/pol/.platformio/packages/framework-arduinorenesas-uno/variants/UNOWIFIR4/libs/libfsp.a(system.o)
                0x000000000000abf4                R_BSP_WarmStart
 .text.SystemInit
                0x000000000000abf8      0x15c /home/pol/.platformio/packages/framework-arduinorenesas-uno/variants/UNOWIFIR4/libs/libfsp.a(system.o)
                0x000000000000abf8                SystemInit
 .text.SystemCoreClockUpdate
                0x000000000000ad54       0x28 /home/pol/.platformio/packages/framework-arduinorenesas-uno/variants/UNOWIFIR4/libs/libfsp.a(bsp_clocks.o)
                0x000000000000ad54                SystemCoreClockUpdate
 .text.bsp_clock_init
                0x000000000000ad7c      0x12c /home/pol/.platformio/packages/framework-arduinorenesas-uno/variants/UNOWIFIR4/libs/libfsp.a(bsp_clocks.o)
                0x000000000000ad7c                bsp_clock_init
 .text.bsp_init_internal
                0x000000000000aea8        0x4 /home/pol/.platformio/packages/framework-arduinorenesas-uno/variants/UNOWIFIR4/libs/libfsp.a(bsp_common.o)
                0x000000000000aea8                bsp_init
                0x000000000000aea8                bsp_init_internal
 .text.NMI_Handler
                0x000000000000aeac       0x38 /home/pol/.platformio/packages/framework-arduinorenesas-uno/variants/UNOWIFIR4/libs/libfsp.a(bsp_group_irq.o)
                0x000000000000aeac                NMI_Handler
 .text._Znwj    0x000000000000aee4       0x22 /home/pol/.platformio/packages/toolchain-gccarmnoneeabi/bin/../lib/gcc/arm-none-eabi/7.2.1/../../../../arm-none-eabi/lib/thumb/v7e-m/fpv4-sp/hard/libstdc++_nano.a(new_op.o)
                0x000000000000aee4                operator new(unsigned int)
 .text.__cxa_guard_acquire
                0x000000000000af06       0x18 /home/pol/.platformio/packages/toolchain-gccarmnoneeabi/bin/../lib/gcc/arm-none-eabi/7.2.1/../../../../arm-none-eabi/lib/thumb/v7e-m/fpv4-sp/hard/libstdc++_nano.a(guard.o)
                0x000000000000af06                __cxa_guard_acquire
 .text.__cxa_guard_release
                0x000000000000af1e        0x6 /home/pol/.platformio/packages/toolchain-gccarmnoneeabi/bin/../lib/gcc/arm-none-eabi/7.2.1/../../../../arm-none-eabi/lib/thumb/v7e-m/fpv4-sp/hard/libstdc++_nano.a(guard.o)
                0x000000000000af1e                __cxa_guard_release
 .text._ZSt15get_new_handlerv
                0x000000000000af24       0x10 /home/pol/.platformio/packages/toolchain-gccarmnoneeabi/bin/../lib/gcc/arm-none-eabi/7.2.1/../../../../arm-none-eabi/lib/thumb/v7e-m/fpv4-sp/hard/libstdc++_nano.a(new_handler.o)
                0x000000000000af24                std::get_new_handler()
 .text._ZdlPvj  0x000000000000af34        0x4 /home/pol/.platformio/packages/toolchain-gccarmnoneeabi/bin/../lib/gcc/arm-none-eabi/7.2.1/../../../../arm-none-eabi/lib/thumb/v7e-m/fpv4-sp/hard/libstdc++_nano.a(del_ops.o)
                0x000000000000af34                operator delete(void*, unsigned int)
 .text._ZdlPv   0x000000000000af38        0x4 /home/pol/.platformio/packages/toolchain-gccarmnoneeabi/bin/../lib/gcc/arm-none-eabi/7.2.1/../../../../arm-none-eabi/lib/thumb/v7e-m/fpv4-sp/hard/libstdc++_nano.a(del_op.o)
                0x000000000000af38                operator delete(void*)
 .text          0x000000000000af3c      0x378 /home/pol/.platformio/packages/toolchain-gccarmnoneeabi/bin/../lib/gcc/arm-none-eabi/7.2.1/thumb/v7e-m/fpv4-sp/hard/libgcc.a(_arm_addsubdf3.o)
                0x000000000000af3c                __aeabi_drsub
                0x000000000000af44                __aeabi_dsub
                0x000000000000af44                __subdf3
                0x000000000000af48                __adddf3
                0x000000000000af48                __aeabi_dadd
                0x000000000000b1c0                __aeabi_ui2d
                0x000000000000b1c0                __floatunsidf
                0x000000000000b1e0                __floatsidf
                0x000000000000b1e0                __aeabi_i2d
                0x000000000000b204                __extendsfdf2
                0x000000000000b204                __aeabi_f2d
                0x000000000000b248                __aeabi_ul2d
                0x000000000000b248                __floatundidf
                0x000000000000b258                __floatdidf
                0x000000000000b258                __aeabi_l2d
 .text          0x000000000000b2b4      0x424 /home/pol/.platformio/packages/toolchain-gccarmnoneeabi/bin/../lib/gcc/arm-none-eabi/7.2.1/thumb/v7e-m/fpv4-sp/hard/libgcc.a(_arm_muldivdf3.o)
                0x000000000000b2b4                __aeabi_dmul
                0x000000000000b2b4                __muldf3
                0x000000000000b508                __aeabi_ddiv
                0x000000000000b508                __divdf3
 .text          0x000000000000b6d8       0xa0 /home/pol/.platformio/packages/toolchain-gccarmnoneeabi/bin/../lib/gcc/arm-none-eabi/7.2.1/thumb/v7e-m/fpv4-sp/hard/libgcc.a(_arm_truncdfsf2.o)
                0x000000000000b6d8                __aeabi_d2f
                0x000000000000b6d8                __truncdfsf2
 .text          0x000000000000b778       0xa0 /home/pol/.platformio/packages/toolchain-gccarmnoneeabi/bin/../lib/gcc/arm-none-eabi/7.2.1/thumb/v7e-m/fpv4-sp/hard/libgcc.a(_aeabi_ldivmod.o)
                0x000000000000b778                __aeabi_ldivmod
 .text          0x000000000000b818      0x2cc /home/pol/.platformio/packages/toolchain-gccarmnoneeabi/bin/../lib/gcc/arm-none-eabi/7.2.1/thumb/v7e-m/fpv4-sp/hard/libgcc.a(_udivmoddi4.o)
                0x000000000000b818                __udivmoddi4
 .text          0x000000000000bae4        0x4 /home/pol/.platformio/packages/toolchain-gccarmnoneeabi/bin/../lib/gcc/arm-none-eabi/7.2.1/thumb/v7e-m/fpv4-sp/hard/libgcc.a(_dvmd_tls.o)
                0x000000000000bae4                __aeabi_ldiv0
                0x000000000000bae4                __aeabi_idiv0
 .text.PINCOUNT_fn
                0x000000000000bae8        0x4 .pio/build/uno_r4_wifi/libFrameworkArduinoVariant.a(variant.cpp.o)
                0x000000000000bae8                PINCOUNT_fn
 .text._Z17__maybe_start_usbv
                0x000000000000baec        0x2 .pio/build/uno_r4_wifi/libFrameworkArduinoVariant.a(variant.cpp.o)
                0x000000000000baec                __maybe_start_usb()
 *fill*         0x000000000000baee        0x2 ff
 .text.initVariant
                0x000000000000baf0       0x9c .pio/build/uno_r4_wifi/libFrameworkArduinoVariant.a(variant.cpp.o)
                0x000000000000baf0                initVariant
 .text.abort    0x000000000000bb8c        0xe /home/pol/.platformio/packages/toolchain-gccarmnoneeabi/bin/../lib/gcc/arm-none-eabi/7.2.1/../../../../arm-none-eabi/lib/thumb/v7e-m/fpv4-sp/hard/libc_nano.a(lib_a-abort.o)
                0x000000000000bb8c                abort
 *fill*         0x000000000000bb9a        0x2 ff
 .text.exit     0x000000000000bb9c       0x28 /home/pol/.platformio/packages/toolchain-gccarmnoneeabi/bin/../lib/gcc/arm-none-eabi/7.2.1/../../../../arm-none-eabi/lib/thumb/v7e-m/fpv4-sp/hard/libc_nano.a(lib_a-exit.o)
                0x000000000000bb9c                exit
 .text.malloc   0x000000000000bbc4       0x10 /home/pol/.platformio/packages/toolchain-gccarmnoneeabi/bin/../lib/gcc/arm-none-eabi/7.2.1/../../../../arm-none-eabi/lib/thumb/v7e-m/fpv4-sp/hard/libc_nano.a(lib_a-malloc.o)
                0x000000000000bbc4                malloc
 .text.free     0x000000000000bbd4       0x10 /home/pol/.platformio/packages/toolchain-gccarmnoneeabi/bin/../lib/gcc/arm-none-eabi/7.2.1/../../../../arm-none-eabi/lib/thumb/v7e-m/fpv4-sp/hard/libc_nano.a(lib_a-malloc.o)
                0x000000000000bbd4                free
 .text.memcpy   0x000000000000bbe4       0x16 /home/pol/.platformio/packages/toolchain-gccarmnoneeabi/bin/../lib/gcc/arm-none-eabi/7.2.1/../../../../arm-none-eabi/lib/thumb/v7e-m/fpv4-sp/hard/libc_nano.a(lib_a-memcpy-stub.o)
                0x000000000000bbe4                memcpy
 .text.memmove  0x000000000000bbfa       0x32 /home/pol/.platformio/packages/toolchain-gccarmnoneeabi/bin/../lib/gcc/arm-none-eabi/7.2.1/../../../../arm-none-eabi/lib/thumb/v7e-m/fpv4-sp/hard/libc_nano.a(lib_a-memmove.o)
                0x000000000000bbfa                memmove
 .text.memset   0x000000000000bc2c       0x10 /home/pol/.platformio/packages/toolchain-gccarmnoneeabi/bin/../lib/gcc/arm-none-eabi/7.2.1/../../../../arm-none-eabi/lib/thumb/v7e-m/fpv4-sp/hard/libc_nano.a(lib_a-memset.o)
                0x000000000000bc2c                memset
 .text._free_r  0x000000000000bc3c       0x9c /home/pol/.platformio/packages/toolchain-gccarmnoneeabi/bin/../lib/gcc/arm-none-eabi/7.2.1/../../../../arm-none-eabi/lib/thumb/v7e-m/fpv4-sp/hard/libc_nano.a(lib_a-nano-freer.o)
                0x000000000000bc3c                _free_r
 .text._malloc_r
                0x000000000000bcd8       0xb4 /home/pol/.platformio/packages/toolchain-gccarmnoneeabi/bin/../lib/gcc/arm-none-eabi/7.2.1/../../../../arm-none-eabi/lib/thumb/v7e-m/fpv4-sp/hard/libc_nano.a(lib_a-nano-mallocr.o)
                0x000000000000bcd8                _malloc_r
 .text.__sfputc_r
                0x000000000000bd8c       0x2e /home/pol/.platformio/packages/toolchain-gccarmnoneeabi/bin/../lib/gcc/arm-none-eabi/7.2.1/../../../../arm-none-eabi/lib/thumb/v7e-m/fpv4-sp/hard/libc_nano.a(lib_a-nano-vfprintf.o)
 .text.__sfputs_r
                0x000000000000bdba       0x24 /home/pol/.platformio/packages/toolchain-gccarmnoneeabi/bin/../lib/gcc/arm-none-eabi/7.2.1/../../../../arm-none-eabi/lib/thumb/v7e-m/fpv4-sp/hard/libc_nano.a(lib_a-nano-vfprintf.o)
                0x000000000000bdba                __sfputs_r
 *fill*         0x000000000000bdde        0x2 ff
 .text._vfprintf_r
                0x000000000000bde0      0x228 /home/pol/.platformio/packages/toolchain-gccarmnoneeabi/bin/../lib/gcc/arm-none-eabi/7.2.1/../../../../arm-none-eabi/lib/thumb/v7e-m/fpv4-sp/hard/libc_nano.a(lib_a-nano-vfprintf.o)
                0x000000000000bde0                _vfiprintf_r
                0x000000000000bde0                _vfprintf_r
 .text._printf_common
                0x000000000000c008       0xea /home/pol/.platformio/packages/toolchain-gccarmnoneeabi/bin/../lib/gcc/arm-none-eabi/7.2.1/../../../../arm-none-eabi/lib/thumb/v7e-m/fpv4-sp/hard/libc_nano.a(lib_a-nano-vfprintf_i.o)
                0x000000000000c008                _printf_common
 *fill*         0x000000000000c0f2        0x2 ff
 .text._printf_i
                0x000000000000c0f4      0x224 /home/pol/.platformio/packages/toolchain-gccarmnoneeabi/bin/../lib/gcc/arm-none-eabi/7.2.1/../../../../arm-none-eabi/lib/thumb/v7e-m/fpv4-sp/hard/libc_nano.a(lib_a-nano-vfprintf_i.o)
                0x000000000000c0f4                _printf_i
 .text.printf   0x000000000000c318       0x30 /home/pol/.platformio/packages/toolchain-gccarmnoneeabi/bin/../lib/gcc/arm-none-eabi/7.2.1/../../../../arm-none-eabi/lib/thumb/v7e-m/fpv4-sp/hard/libc_nano.a(lib_a-printf.o)
                0x000000000000c318                printf
                0x000000000000c318                iprintf
 .text._sbrk_r  0x000000000000c348       0x20 /home/pol/.platformio/packages/toolchain-gccarmnoneeabi/bin/../lib/gcc/arm-none-eabi/7.2.1/../../../../arm-none-eabi/lib/thumb/v7e-m/fpv4-sp/hard/libc_nano.a(lib_a-sbrkr.o)
                0x000000000000c348                _sbrk_r
 .text._raise_r
                0x000000000000c368       0x50 /home/pol/.platformio/packages/toolchain-gccarmnoneeabi/bin/../lib/gcc/arm-none-eabi/7.2.1/../../../../arm-none-eabi/lib/thumb/v7e-m/fpv4-sp/hard/libc_nano.a(lib_a-signal.o)
                0x000000000000c368                _raise_r
 .text.raise    0x000000000000c3b8       0x10 /home/pol/.platformio/packages/toolchain-gccarmnoneeabi/bin/../lib/gcc/arm-none-eabi/7.2.1/../../../../arm-none-eabi/lib/thumb/v7e-m/fpv4-sp/hard/libc_nano.a(lib_a-signal.o)
                0x000000000000c3b8                raise
 .text._kill_r  0x000000000000c3c8       0x24 /home/pol/.platformio/packages/toolchain-gccarmnoneeabi/bin/../lib/gcc/arm-none-eabi/7.2.1/../../../../arm-none-eabi/lib/thumb/v7e-m/fpv4-sp/hard/libc_nano.a(lib_a-signalr.o)
                0x000000000000c3c8                _kill_r
 .text._getpid_r
                0x000000000000c3ec        0x4 /home/pol/.platformio/packages/toolchain-gccarmnoneeabi/bin/../lib/gcc/arm-none-eabi/7.2.1/../../../../arm-none-eabi/lib/thumb/v7e-m/fpv4-sp/hard/libc_nano.a(lib_a-signalr.o)
                0x000000000000c3ec                _getpid_r
 .text.sprintf  0x000000000000c3f0       0x40 /home/pol/.platformio/packages/toolchain-gccarmnoneeabi/bin/../lib/gcc/arm-none-eabi/7.2.1/../../../../arm-none-eabi/lib/thumb/v7e-m/fpv4-sp/hard/libc_nano.a(lib_a-sprintf.o)
                0x000000000000c3f0                sprintf
                0x000000000000c3f0                siprintf
 .text.__swbuf_r
                0x000000000000c430       0xa4 /home/pol/.platformio/packages/toolchain-gccarmnoneeabi/bin/../lib/gcc/arm-none-eabi/7.2.1/../../../../arm-none-eabi/lib/thumb/v7e-m/fpv4-sp/hard/libc_nano.a(lib_a-wbuf.o)
                0x000000000000c430                __swbuf_r
 .text.__swsetup_r
                0x000000000000c4d4       0xdc /home/pol/.platformio/packages/toolchain-gccarmnoneeabi/bin/../lib/gcc/arm-none-eabi/7.2.1/../../../../arm-none-eabi/lib/thumb/v7e-m/fpv4-sp/hard/libc_nano.a(lib_a-wsetup.o)
                0x000000000000c4d4                __swsetup_r
 .text.__sflush_r
                0x000000000000c5b0      0x10c /home/pol/.platformio/packages/toolchain-gccarmnoneeabi/bin/../lib/gcc/arm-none-eabi/7.2.1/../../../../arm-none-eabi/lib/thumb/v7e-m/fpv4-sp/hard/libc_nano.a(lib_a-fflush.o)
                0x000000000000c5b0                __sflush_r
 .text._fflush_r
                0x000000000000c6bc       0x54 /home/pol/.platformio/packages/toolchain-gccarmnoneeabi/bin/../lib/gcc/arm-none-eabi/7.2.1/../../../../arm-none-eabi/lib/thumb/v7e-m/fpv4-sp/hard/libc_nano.a(lib_a-fflush.o)
                0x000000000000c6bc                _fflush_r
 .text.std      0x000000000000c710       0x48 /home/pol/.platformio/packages/toolchain-gccarmnoneeabi/bin/../lib/gcc/arm-none-eabi/7.2.1/../../../../arm-none-eabi/lib/thumb/v7e-m/fpv4-sp/hard/libc_nano.a(lib_a-findfp.o)
 .text._cleanup_r
                0x000000000000c758        0xc /home/pol/.platformio/packages/toolchain-gccarmnoneeabi/bin/../lib/gcc/arm-none-eabi/7.2.1/../../../../arm-none-eabi/lib/thumb/v7e-m/fpv4-sp/hard/libc_nano.a(lib_a-findfp.o)
                0x000000000000c758                _cleanup_r
 .text.__sfmoreglue
                0x000000000000c764       0x2c /home/pol/.platformio/packages/toolchain-gccarmnoneeabi/bin/../lib/gcc/arm-none-eabi/7.2.1/../../../../arm-none-eabi/lib/thumb/v7e-m/fpv4-sp/hard/libc_nano.a(lib_a-findfp.o)
                0x000000000000c764                __sfmoreglue
 .text.__sinit  0x000000000000c790       0x60 /home/pol/.platformio/packages/toolchain-gccarmnoneeabi/bin/../lib/gcc/arm-none-eabi/7.2.1/../../../../arm-none-eabi/lib/thumb/v7e-m/fpv4-sp/hard/libc_nano.a(lib_a-findfp.o)
                0x000000000000c790                __sinit
 .text.__sfp    0x000000000000c7f0       0x78 /home/pol/.platformio/packages/toolchain-gccarmnoneeabi/bin/../lib/gcc/arm-none-eabi/7.2.1/../../../../arm-none-eabi/lib/thumb/v7e-m/fpv4-sp/hard/libc_nano.a(lib_a-findfp.o)
                0x000000000000c7f0                __sfp
 .text._fwalk_reent
                0x000000000000c868       0x3c /home/pol/.platformio/packages/toolchain-gccarmnoneeabi/bin/../lib/gcc/arm-none-eabi/7.2.1/../../../../arm-none-eabi/lib/thumb/v7e-m/fpv4-sp/hard/libc_nano.a(lib_a-fwalk.o)
                0x000000000000c868                _fwalk_reent
 .text.__swhatbuf_r
                0x000000000000c8a4       0x48 /home/pol/.platformio/packages/toolchain-gccarmnoneeabi/bin/../lib/gcc/arm-none-eabi/7.2.1/../../../../arm-none-eabi/lib/thumb/v7e-m/fpv4-sp/hard/libc_nano.a(lib_a-makebuf.o)
                0x000000000000c8a4                __swhatbuf_r
 .text.__smakebuf_r
                0x000000000000c8ec       0x80 /home/pol/.platformio/packages/toolchain-gccarmnoneeabi/bin/../lib/gcc/arm-none-eabi/7.2.1/../../../../arm-none-eabi/lib/thumb/v7e-m/fpv4-sp/hard/libc_nano.a(lib_a-makebuf.o)
                0x000000000000c8ec                __smakebuf_r
 *fill*         0x000000000000c96c        0x4 ff
 .text          0x000000000000c970       0xa0 /home/pol/.platformio/packages/toolchain-gccarmnoneeabi/bin/../lib/gcc/arm-none-eabi/7.2.1/../../../../arm-none-eabi/lib/thumb/v7e-m/fpv4-sp/hard/libc_nano.a(lib_a-memchr.o)
                0x000000000000c970                memchr
 .text.__malloc_lock
                0x000000000000ca10        0x2 /home/pol/.platformio/packages/toolchain-gccarmnoneeabi/bin/../lib/gcc/arm-none-eabi/7.2.1/../../../../arm-none-eabi/lib/thumb/v7e-m/fpv4-sp/hard/libc_nano.a(lib_a-mlock.o)
                0x000000000000ca10                __malloc_lock
 .text.__malloc_unlock
                0x000000000000ca12        0x2 /home/pol/.platformio/packages/toolchain-gccarmnoneeabi/bin/../lib/gcc/arm-none-eabi/7.2.1/../../../../arm-none-eabi/lib/thumb/v7e-m/fpv4-sp/hard/libc_nano.a(lib_a-mlock.o)
                0x000000000000ca12                __malloc_unlock
 .text._realloc_r
                0x000000000000ca14       0x4c /home/pol/.platformio/packages/toolchain-gccarmnoneeabi/bin/../lib/gcc/arm-none-eabi/7.2.1/../../../../arm-none-eabi/lib/thumb/v7e-m/fpv4-sp/hard/libc_nano.a(lib_a-nano-reallocr.o)
                0x000000000000ca14                _realloc_r
 .text.__ssputs_r
                0x000000000000ca60       0xb4 /home/pol/.platformio/packages/toolchain-gccarmnoneeabi/bin/../lib/gcc/arm-none-eabi/7.2.1/../../../../arm-none-eabi/lib/thumb/v7e-m/fpv4-sp/hard/libc_nano.a(lib_a-nano-svfprintf.o)
                0x000000000000ca60                __ssputs_r
 .text._svfprintf_r
                0x000000000000cb14      0x1ec /home/pol/.platformio/packages/toolchain-gccarmnoneeabi/bin/../lib/gcc/arm-none-eabi/7.2.1/../../../../arm-none-eabi/lib/thumb/v7e-m/fpv4-sp/hard/libc_nano.a(lib_a-nano-svfprintf.o)
                0x000000000000cb14                _svfprintf_r
                0x000000000000cb14                _svfiprintf_r
 .text.__sread  0x000000000000cd00       0x22 /home/pol/.platformio/packages/toolchain-gccarmnoneeabi/bin/../lib/gcc/arm-none-eabi/7.2.1/../../../../arm-none-eabi/lib/thumb/v7e-m/fpv4-sp/hard/libc_nano.a(lib_a-stdio.o)
                0x000000000000cd00                __sread
 .text.__swrite
                0x000000000000cd22       0x38 /home/pol/.platformio/packages/toolchain-gccarmnoneeabi/bin/../lib/gcc/arm-none-eabi/7.2.1/../../../../arm-none-eabi/lib/thumb/v7e-m/fpv4-sp/hard/libc_nano.a(lib_a-stdio.o)
                0x000000000000cd22                __swrite
 .text.__sseek  0x000000000000cd5a       0x24 /home/pol/.platformio/packages/toolchain-gccarmnoneeabi/bin/../lib/gcc/arm-none-eabi/7.2.1/../../../../arm-none-eabi/lib/thumb/v7e-m/fpv4-sp/hard/libc_nano.a(lib_a-stdio.o)
                0x000000000000cd5a                __sseek
 .text.__sclose
                0x000000000000cd7e        0x8 /home/pol/.platformio/packages/toolchain-gccarmnoneeabi/bin/../lib/gcc/arm-none-eabi/7.2.1/../../../../arm-none-eabi/lib/thumb/v7e-m/fpv4-sp/hard/libc_nano.a(lib_a-stdio.o)
                0x000000000000cd7e                __sclose
 *fill*         0x000000000000cd86        0x2 ff
 .text._write_r
                0x000000000000cd88       0x24 /home/pol/.platformio/packages/toolchain-gccarmnoneeabi/bin/../lib/gcc/arm-none-eabi/7.2.1/../../../../arm-none-eabi/lib/thumb/v7e-m/fpv4-sp/hard/libc_nano.a(lib_a-writer.o)
                0x000000000000cd88                _write_r
 .text._close_r
                0x000000000000cdac       0x20 /home/pol/.platformio/packages/toolchain-gccarmnoneeabi/bin/../lib/gcc/arm-none-eabi/7.2.1/../../../../arm-none-eabi/lib/thumb/v7e-m/fpv4-sp/hard/libc_nano.a(lib_a-closer.o)
                0x000000000000cdac                _close_r
 .text._fstat_r
                0x000000000000cdcc       0x24 /home/pol/.platformio/packages/toolchain-gccarmnoneeabi/bin/../lib/gcc/arm-none-eabi/7.2.1/../../../../arm-none-eabi/lib/thumb/v7e-m/fpv4-sp/hard/libc_nano.a(lib_a-fstatr.o)
                0x000000000000cdcc                _fstat_r
 .text._isatty_r
                0x000000000000cdf0       0x20 /home/pol/.platformio/packages/toolchain-gccarmnoneeabi/bin/../lib/gcc/arm-none-eabi/7.2.1/../../../../arm-none-eabi/lib/thumb/v7e-m/fpv4-sp/hard/libc_nano.a(lib_a-isattyr.o)
                0x000000000000cdf0                _isatty_r
 .text._lseek_r